Archive member included to satisfy reference by file (symbol)

D:/STM32CubeIDE_1.19.0/STM32CubeIDE/plugins/com.st.stm32cube.ide.mcu.externaltools.gnu-tools-for-stm32.13.3.rel1.win32_1.0.0.202411081344/tools/bin/../lib/gcc/arm-none-eabi/13.3.1/../../../../arm-none-eabi/lib/thumb/v7e-m+fp/hard\libc_nano.a(libc_a-exit.o)
                              D:/STM32CubeIDE_1.19.0/STM32CubeIDE/plugins/com.st.stm32cube.ide.mcu.externaltools.gnu-tools-for-stm32.13.3.rel1.win32_1.0.0.202411081344/tools/bin/../lib/gcc/arm-none-eabi/13.3.1/../../../../arm-none-eabi/lib/thumb/v7e-m+fp/hard/crt0.o (exit)
D:/STM32CubeIDE_1.19.0/STM32CubeIDE/plugins/com.st.stm32cube.ide.mcu.externaltools.gnu-tools-for-stm32.13.3.rel1.win32_1.0.0.202411081344/tools/bin/../lib/gcc/arm-none-eabi/13.3.1/../../../../arm-none-eabi/lib/thumb/v7e-m+fp/hard\libc_nano.a(libc_a-findfp.o)
                              D:/STM32CubeIDE_1.19.0/STM32CubeIDE/plugins/com.st.stm32cube.ide.mcu.externaltools.gnu-tools-for-stm32.13.3.rel1.win32_1.0.0.202411081344/tools/bin/../lib/gcc/arm-none-eabi/13.3.1/../../../../arm-none-eabi/lib/thumb/v7e-m+fp/hard\libc_nano.a(libc_a-exit.o) (__stdio_exit_handler)
D:/STM32CubeIDE_1.19.0/STM32CubeIDE/plugins/com.st.stm32cube.ide.mcu.externaltools.gnu-tools-for-stm32.13.3.rel1.win32_1.0.0.202411081344/tools/bin/../lib/gcc/arm-none-eabi/13.3.1/../../../../arm-none-eabi/lib/thumb/v7e-m+fp/hard\libc_nano.a(libc_a-fwalk.o)
                              D:/STM32CubeIDE_1.19.0/STM32CubeIDE/plugins/com.st.stm32cube.ide.mcu.externaltools.gnu-tools-for-stm32.13.3.rel1.win32_1.0.0.202411081344/tools/bin/../lib/gcc/arm-none-eabi/13.3.1/../../../../arm-none-eabi/lib/thumb/v7e-m+fp/hard\libc_nano.a(libc_a-findfp.o) (_fwalk_sglue)
D:/STM32CubeIDE_1.19.0/STM32CubeIDE/plugins/com.st.stm32cube.ide.mcu.externaltools.gnu-tools-for-stm32.13.3.rel1.win32_1.0.0.202411081344/tools/bin/../lib/gcc/arm-none-eabi/13.3.1/../../../../arm-none-eabi/lib/thumb/v7e-m+fp/hard\libc_nano.a(libc_a-snprintf.o)
                              ./Core/App/app_control/app_control.o (snprintf)
D:/STM32CubeIDE_1.19.0/STM32CubeIDE/plugins/com.st.stm32cube.ide.mcu.externaltools.gnu-tools-for-stm32.13.3.rel1.win32_1.0.0.202411081344/tools/bin/../lib/gcc/arm-none-eabi/13.3.1/../../../../arm-none-eabi/lib/thumb/v7e-m+fp/hard\libc_nano.a(libc_a-sscanf.o)
                              ./Core/App/app_control/app_control.o (sscanf)
D:/STM32CubeIDE_1.19.0/STM32CubeIDE/plugins/com.st.stm32cube.ide.mcu.externaltools.gnu-tools-for-stm32.13.3.rel1.win32_1.0.0.202411081344/tools/bin/../lib/gcc/arm-none-eabi/13.3.1/../../../../arm-none-eabi/lib/thumb/v7e-m+fp/hard\libc_nano.a(libc_a-stdio.o)
                              D:/STM32CubeIDE_1.19.0/STM32CubeIDE/plugins/com.st.stm32cube.ide.mcu.externaltools.gnu-tools-for-stm32.13.3.rel1.win32_1.0.0.202411081344/tools/bin/../lib/gcc/arm-none-eabi/13.3.1/../../../../arm-none-eabi/lib/thumb/v7e-m+fp/hard\libc_nano.a(libc_a-findfp.o) (__sread)
D:/STM32CubeIDE_1.19.0/STM32CubeIDE/plugins/com.st.stm32cube.ide.mcu.externaltools.gnu-tools-for-stm32.13.3.rel1.win32_1.0.0.202411081344/tools/bin/../lib/gcc/arm-none-eabi/13.3.1/../../../../arm-none-eabi/lib/thumb/v7e-m+fp/hard\libc_nano.a(libc_a-memset.o)
                              D:/STM32CubeIDE_1.19.0/STM32CubeIDE/plugins/com.st.stm32cube.ide.mcu.externaltools.gnu-tools-for-stm32.13.3.rel1.win32_1.0.0.202411081344/tools/bin/../lib/gcc/arm-none-eabi/13.3.1/../../../../arm-none-eabi/lib/thumb/v7e-m+fp/hard/crt0.o (memset)
D:/STM32CubeIDE_1.19.0/STM32CubeIDE/plugins/com.st.stm32cube.ide.mcu.externaltools.gnu-tools-for-stm32.13.3.rel1.win32_1.0.0.202411081344/tools/bin/../lib/gcc/arm-none-eabi/13.3.1/../../../../arm-none-eabi/lib/thumb/v7e-m+fp/hard\libc_nano.a(libc_a-strncmp.o)
                              ./Core/App/uart_protocol/uart_protocol.o (strncmp)
D:/STM32CubeIDE_1.19.0/STM32CubeIDE/plugins/com.st.stm32cube.ide.mcu.externaltools.gnu-tools-for-stm32.13.3.rel1.win32_1.0.0.202411081344/tools/bin/../lib/gcc/arm-none-eabi/13.3.1/../../../../arm-none-eabi/lib/thumb/v7e-m+fp/hard\libc_nano.a(libc_a-strncpy.o)
                              ./Core/App/app_control/app_control.o (strncpy)
D:/STM32CubeIDE_1.19.0/STM32CubeIDE/plugins/com.st.stm32cube.ide.mcu.externaltools.gnu-tools-for-stm32.13.3.rel1.win32_1.0.0.202411081344/tools/bin/../lib/gcc/arm-none-eabi/13.3.1/../../../../arm-none-eabi/lib/thumb/v7e-m+fp/hard\libc_nano.a(libc_a-strrchr.o)
                              ./Core/App/app_control/app_control.o (strrchr)
D:/STM32CubeIDE_1.19.0/STM32CubeIDE/plugins/com.st.stm32cube.ide.mcu.externaltools.gnu-tools-for-stm32.13.3.rel1.win32_1.0.0.202411081344/tools/bin/../lib/gcc/arm-none-eabi/13.3.1/../../../../arm-none-eabi/lib/thumb/v7e-m+fp/hard\libc_nano.a(libc_a-closer.o)
[...]
Memory Configuration

Name             Origin             Length             Attributes
RAM              0x20000000         0x00010000         xrw
FLASH            0x08000000         0x00040000         xr
*default*        0x00000000         0xffffffff

Linker script and memory map

LOAD D:/STM32CubeIDE_1.19.0/STM32CubeIDE/plugins/com.st.stm32cube.ide.mcu.externaltools.gnu-tools-for-stm32.13.3.rel1.win32_1.0.0.202411081344/tools/bin/../lib/gcc/arm-none-eabi/13.3.1/thumb/v7e-m+fp/hard/crti.o
LOAD D:/STM32CubeIDE_1.19.0/STM32CubeIDE/plugins/com.st.stm32cube.ide.mcu.externaltools.gnu-tools-for-stm32.13.3.rel1.win32_1.0.0.202411081344/tools/bin/../lib/gcc/arm-none-eabi/13.3.1/thumb/v7e-m+fp/hard/crtbegin.o
LOAD D:/STM32CubeIDE_1.19.0/STM32CubeIDE/plugins/com.st.stm32cube.ide.mcu.externaltools.gnu-tools-for-stm32.13.3.rel1.win32_1.0.0.202411081344/tools/bin/../lib/gcc/arm-none-eabi/13.3.1/../../../../arm-none-eabi/lib/thumb/v7e-m+fp/hard/crt0.o
LOAD ./Core/App/app_control/app_control.o
LOAD ./Core/App/as5600/as5600.o
LOAD ./Core/App/dc_motor_control/dc_motor_control.o
LOAD ./Core/App/motor_map/motor_map.o
LOAD ./Core/App/stepper_control/stepper_control.o
LOAD ./Core/App/uart_protocol/uart_protocol.o
LOAD ./Core/Src/freertos.o
LOAD ./Core/Src/main.o
LOAD ./Core/Src/stm32f4xx_hal_msp.o
LOAD ./Core/Src/stm32f4xx_it.o
LOAD ./Core/Src/syscalls.o
LOAD ./Core/Src/sysmem.o
LOAD ./Core/Src/system_stm32f4xx.o
LOAD ./Core/Startup/startup_stm32f401ccux.o
LOAD ./Drivers/STM32F4xx_HAL_Driver/Src/stm32f4xx_hal.o
LOAD ./Drivers/STM32F4xx_HAL_Driver/Src/stm32f4xx_hal_cortex.o
LOAD ./Drivers/STM32F4xx_HAL_Driver/Src/stm32f4xx_hal_dma.o
LOAD ./Drivers/STM32F4xx_HAL_Driver/Src/stm32f4xx_hal_dma_ex.o
LOAD ./Drivers/STM32F4xx_HAL_Driver/Src/stm32f4xx_hal_exti.o
LOAD ./Drivers/STM32F4xx_HAL_Driver/Src/stm32f4xx_hal_flash.o
LOAD ./Drivers/STM32F4xx_HAL_Driver/Src/stm32f4xx_hal_flash_ex.o
LOAD ./Drivers/STM32F4xx_HAL_Driver/Src/stm32f4xx_hal_flash_ramfunc.o
LOAD ./Drivers/STM32F4xx_HAL_Driver/Src/stm32f4xx_hal_gpio.o
LOAD ./Drivers/STM32F4xx_HAL_Driver/Src/stm32f4xx_hal_i2c.o
LOAD ./Drivers/STM32F4xx_HAL_Driver/Src/stm32f4xx_hal_i2c_ex.o
LOAD ./Drivers/STM32F4xx_HAL_Driver/Src/stm32f4xx_hal_pwr.o
LOAD ./Drivers/STM32F4xx_HAL_Driver/Src/stm32f4xx_hal_pwr_ex.o
LOAD ./Drivers/STM32F4xx_HAL_Driver/Src/stm32f4xx_hal_rcc.o
LOAD ./Drivers/STM32F4xx_HAL_Driver/Src/stm32f4xx_hal_rcc_ex.o
LOAD ./Drivers/STM32F4xx_HAL_Driver/Src/stm32f4xx_hal_tim.o
LOAD ./Drivers/STM32F4xx_HAL_Driver/Src/stm32f4xx_hal_tim_ex.o
LOAD ./Drivers/STM32F4xx_HAL_Driver/Src/stm32f4xx_hal_uart.o
LOAD ./Middlewares/Third_Party/FreeRTOS/Source/CMSIS_RTOS_V2/cmsis_os2.o
LOAD ./Middlewares/Third_Party/FreeRTOS/Source/croutine.o
LOAD ./Middlewares/Third_Party/FreeRTOS/Source/event_groups.o
LOAD ./Middlewares/Third_Party/FreeRTOS/Source/list.o
LOAD ./Middlewares/Third_Party/FreeRTOS/Source/queue.o
LOAD ./Middlewares/Third_Party/FreeRTOS/Source/stream_buffer.o
LOAD ./Middlewares/Third_Party/FreeRTOS/Source/tasks.o
LOAD ./Middlewares/Third_Party/FreeRTOS/Source/timers.o
LOAD ./Middlewares/Third_Party/FreeRTOS/Source/portable/GCC/ARM_CM4F/port.o
LOAD ./Middlewares/Third_Party/FreeRTOS/Source/portable/MemMang/heap_4.o
START GROUP
LOAD D:/STM32CubeIDE_1.19.0/STM32CubeIDE/plugins/com.st.stm32cube.ide.mcu.externaltools.gnu-tools-for-stm32.13.3.rel1.win32_1.0.0.202411081344/tools/bin/../lib/gcc/arm-none-eabi/13.3.1/../../../../arm-none-eabi/lib/thumb/v7e-m+fp/hard\libc_nano.a
LOAD D:/STM32CubeIDE_1.19.0/STM32CubeIDE/plugins/com.st.stm32cube.ide.mcu.externaltools.gnu-tools-for-stm32.13.3.rel1.win32_1.0.0.202411081344/tools/bin/../lib/gcc/arm-none-eabi/13.3.1/../../../../arm-none-eabi/lib/thumb/v7e-m+fp/hard\libm.a
END GROUP
START GROUP
LOAD D:/STM32CubeIDE_1.19.0/STM32CubeIDE/plugins/com.st.stm32cube.ide.mcu.externaltools.gnu-tools-for-stm32.13.3.rel1.win32_1.0.0.202411081344/tools/bin/../lib/gcc/arm-none-eabi/13.3.1/thumb/v7e-m+fp/hard\libgcc.a
LOAD D:/STM32CubeIDE_1.19.0/STM32CubeIDE/plugins/com.st.stm32cube.ide.mcu.externaltools.gnu-tools-for-stm32.13.3.rel1.win32_1.0.0.202411081344/tools/bin/../lib/gcc/arm-none-eabi/13.3.1/../../../../arm-none-eabi/lib/thumb/v7e-m+fp/hard\libc_nano.a
END GROUP
START GROUP
LOAD D:/STM32CubeIDE_1.19.0/STM32CubeIDE/plugins/com.st.stm32cube.ide.mcu.externaltools.gnu-tools-for-stm32.13.3.rel1.win32_1.0.0.202411081344/tools/bin/../lib/gcc/arm-none-eabi/13.3.1/thumb/v7e-m+fp/hard\libgcc.a
LOAD D:/STM32CubeIDE_1.19.0/STM32CubeIDE/plugins/com.st.stm32cube.ide.mcu.externaltools.gnu-tools-for-stm32.13.3.rel1.win32_1.0.0.202411081344/tools/bin/../lib/gcc/arm-none-eabi/13.3.1/../../../../arm-none-eabi/lib/thumb/v7e-m+fp/hard\libc_nano.a
LOAD D:/STM32CubeIDE_1.19.0/STM32CubeIDE/plugins/com.st.stm32cube.ide.mcu.externaltools.gnu-tools-for-stm32.13.3.rel1.win32_1.0.0.202411081344/tools/bin/../lib/gcc/arm-none-eabi/13.3.1/../../../../arm-none-eabi/lib/thumb/v7e-m+fp/hard\libnosys.a
END GROUP
START GROUP
LOAD D:/STM32CubeIDE_1.19.0/STM32CubeIDE/plugins/com.st.stm32cube.ide.mcu.externaltools.gnu-tools-for-stm32.13.3.rel1.win32_1.0.0.202411081344/tools/bin/../lib/gcc/arm-none-eabi/13.3.1/thumb/v7e-m+fp/hard\libgcc.a
LOAD D:/STM32CubeIDE_1.19.0/STM32CubeIDE/plugins/com.st.stm32cube.ide.mcu.externaltools.gnu-tools-for-stm32.13.3.rel1.win32_1.0.0.202411081344/tools/bin/../lib/gcc/arm-none-eabi/13.3.1/../../../../arm-none-eabi/lib/thumb/v7e-m+fp/hard\libc_nano.a
LOAD D:/STM32CubeIDE_1.19.0/STM32CubeIDE/plugins/com.st.stm32cube.ide.mcu.externaltools.gnu-tools-for-stm32.13.3.rel1.win32_1.0.0.202411081344/tools/bin/../lib/gcc/arm-none-eabi/13.3.1/../../../../arm-none-eabi/lib/thumb/v7e-m+fp/hard\libnosys.a
END GROUP
LOAD D:/STM32CubeIDE_1.19.0/STM32CubeIDE/plugins/com.st.stm32cube.ide.mcu.externaltools.gnu-tools-for-stm32.13.3.rel1.win32_1.0.0.202411081344/tools/bin/../lib/gcc/arm-none-eabi/13.3.1/thumb/v7e-m+fp/hard/crtend.o
LOAD D:/STM32CubeIDE_1.19.0/STM32CubeIDE/plugins/com.st.stm32cube.ide.mcu.externaltools.gnu-tools-for-stm32.13.3.rel1.win32_1.0.0.202411081344/tools/bin/../lib/gcc/arm-none-eabi/13.3.1/thumb/v7e-m+fp/hard/crtn.o
                0x20010000                        _estack = (ORIGIN (RAM) + LENGTH (RAM))
                0x00000200                        _Min_Heap_Size = 0x200
                0x00000400                        _Min_Stack_Size = 0x400

.isr_vector     0x08000000      0x194
                0x08000000                        . = ALIGN (0x4)
 *(.isr_vector)
 .isr_vector    0x08000000      0x194 ./Core/Startup/startup_stm32f401ccux.o
                0x08000000                g_pfnVectors
                0x08000194                        . = ALIGN (0x4)

.text           0x080001a0     0xd9d0
                0x080001a0                        . = ALIGN (0x4)
 *(.text)
 .text          0x080001a0       0x40 D:/STM32CubeIDE_1.19.0/STM32CubeIDE/plugins/com.st.stm32cube.ide.mcu.externaltools.gnu-tools-for-stm32.13.3.rel1.win32_1.0.0.202411081344/tools/bin/../lib/gcc/arm-none-eabi/13.3.1/thumb/v7e-m+fp/hard/crtbegin.o
 .text          0x080001e0       0x14 D:/STM32CubeIDE_1.19.0/STM32CubeIDE/plugins/com.st.stm32cube.ide.mcu.externaltools.gnu-tools-for-stm32.13.3.rel1.win32_1.0.0.202411081344/tools/bin/../lib/gcc/arm-none-eabi/13.3.1/../../../../arm-none-eabi/lib/thumb/v7e-m+fp/hard\libc_nano.a(libc_a-strcmp.o)
                0x080001e0                strcmp
 .text          0x080001f4       0x10 D:/STM32CubeIDE_1.19.0/STM32CubeIDE/plugins/com.st.stm32cube.ide.mcu.externaltools.gnu-tools-for-stm32.13.3.rel1.win32_1.0.0.202411081344/tools/bin/../lib/gcc/arm-none-eabi/13.3.1/../../../../arm-none-eabi/lib/thumb/v7e-m+fp/hard\libc_nano.a(libc_a-strlen.o)
                0x080001f4                strlen
 *fill*         0x08000204        0xc 
 .text          0x08000210       0xa0 D:/STM32CubeIDE_1.19.0/STM32CubeIDE/plugins/com.st.stm32cube.ide.mcu.externaltools.gnu-tools-for-stm32.13.3.rel1.win32_1.0.0.202411081344/tools/bin/../lib/gcc/arm-none-eabi/13.3.1/../../../../arm-none-eabi/lib/thumb/v7e-m+fp/hard\libc_nano.a(libc_a-memchr.o)
                0x08000210                memchr
 .text          0x080002b0       0x30 D:/STM32CubeIDE_1.19.0/STM32CubeIDE/plugins/com.st.stm32cube.ide.mcu.externaltools.gnu-tools-for-stm32.13.3.rel1.win32_1.0.0.202411081344/tools/bin/../lib/gcc/arm-none-eabi/13.3.1/thumb/v7e-m+fp/hard\libgcc.a(_aeabi_uldivmod.o)
                0x080002b0                __aeabi_uldivmod
 .text          0x080002e0      0x2f8 D:/STM32CubeIDE_1.19.0/STM32CubeIDE/plugins/com.st.stm32cube.ide.mcu.externaltools.gnu-tools-for-stm32.13.3.rel1.win32_1.0.0.202411081344/tools/bin/../lib/gcc/arm-none-eabi/13.3.1/thumb/v7e-m+fp/hard\libgcc.a(_udivmoddi4.o)
                0x080002e0                __udivmoddi4
 .text          0x080005d8        0x4 D:/STM32CubeIDE_1.19.0/STM32CubeIDE/plugins/com.st.stm32cube.ide.mcu.externaltools.gnu-tools-for-stm32.13.3.rel1.win32_1.0.0.202411081344/tools/bin/../lib/gcc/arm-none-eabi/13.3.1/thumb/v7e-m+fp/hard\libgcc.a(_dvmd_tls.o)
                0x080005d8                __aeabi_idiv0
                0x080005d8                __aeabi_ldiv0
 *(.text*)
 .text.encoder_i2c_bus_recover
                0x080005dc      0x118 ./Core/App/app_control/app_control.o
 .text.flush_focus_done_report
                0x080006f4       0x50 ./Core/App/app_control/app_control.o
 .text.compute_focus_steps_per_small_tick
                0x08000744      0x10a ./Core/App/app_control/app_control.o
 .text.focus_dir_for_command
                0x0800084e       0x38 ./Core/App/app_control/app_control.o
 *fill*         0x08000886        0x2 
 .text.AppControl_SetControlTaskHandle
                0x08000888       0x20 ./Core/App/app_control/app_control.o
                0x08000888                AppControl_SetControlTaskHandle
 .text.notify_control_task_from_isr
                0x080008a8       0x48 ./Core/App/app_control/app_control.o
 .text.dequeue_line
                0x080008f0       0x70 ./Core/App/app_control/app_control.o
 .text.queue_line_from_isr
                0x08000960       0x80 ./Core/App/app_control/app_control.o
 .text.tx_pop_line_unlocked
                0x080009e0       0x78 ./Core/App/app_control/app_control.o
 .text.tx_start_dma_line
                0x08000a58       0x54 ./Core/App/app_control/app_control.o
 .text.tx_kick_from_task
                0x08000aac       0x90 ./Core/App/app_control/app_control.o
 .text.uart_send_line
                0x08000b3c       0xe0 ./Core/App/app_control/app_control.o
 .text.ack_command
                0x08000c1c       0x2c ./Core/App/app_control/app_control.o
 .text.err_message
                0x08000c48       0x2c ./Core/App/app_control/app_control.o
 .text.encoder_status_name
                0x08000c74       0x5c ./Core/App/app_control/app_control.o
 .text.err_encoder_message
                0x08000cd0       0x3c ./Core/App/app_control/app_control.o
 .text.motor_start_message
                0x08000d0c       0x2c ./Core/App/app_control/app_control.o
 .text.home_state_wire_name
                0x08000d38       0x44 ./Core/App/app_control/app_control.o
 .text.read_endstop_min_triggered
                0x08000d7c       0x2c ./Core/App/app_control/app_control.o
 .text.read_endstop_x_min_triggered
                0x08000da8       0x2c ./Core/App/app_control/app_control.o
 .text.read_endstop_y_min_triggered
                0x08000dd4       0x2c ./Core/App/app_control/app_control.o
 .text.send_endstop_message
                0x08000e00       0x48 ./Core/App/app_control/app_control.o
 .text.send_home_state_message
                0x08000e48       0x38 ./Core/App/app_control/app_control.o
 .text.send_pos_valid_message
                0x08000e80       0x38 ./Core/App/app_control/app_control.o
 .text.set_home_state
                0x08000eb8       0x58 ./Core/App/app_control/app_control.o
 .text.set_pos_valid
                0x08000f10       0x58 ./Core/App/app_control/app_control.o
 .text.sample_endstop_min
                0x08000f68       0x58 ./Core/App/app_control/app_control.o
 .text.sample_endstop_xy
                0x08000fc0       0x94 ./Core/App/app_control/app_control.o
 .text.flush_homing_reports
                0x08001054      0x118 ./Core/App/app_control/app_control.o
 .text.millis_elapsed
                0x0800116c       0x22 ./Core/App/app_control/app_control.o
 *fill*         0x0800118e        0x2 
 .text.fail_homing
                0x08001190       0x50 ./Core/App/app_control/app_control.o
 .text.begin_auto_homing
                0x080011e0      0x128 ./Core/App/app_control/app_control.o
 .text.complete_homing_ready
                0x08001308       0x50 ./Core/App/app_control/app_control.o
 .text.homing_phase_is_focus_only
                0x08001358       0x34 ./Core/App/app_control/app_control.o
 .text.homing_phase_is_y_active
                0x0800138c       0x22 ./Core/App/app_control/app_control.o
 *fill*         0x080013ae        0x2 
 .text.pwm_duty_from_percent
                0x080013b0       0x6c ./Core/App/app_control/app_control.o
 .text.y_homing_drive
                0x0800141c       0x40 ./Core/App/app_control/app_control.o
 .text.y_homing_stop
                0x0800145c       0x2c ./Core/App/app_control/app_control.o
 .text.complete_x_homing_success
                0x08001488       0x94 ./Core/App/app_control/app_control.o
 .text.x_dir_left
                0x0800151c       0x22 ./Core/App/app_control/app_control.o
 .text.x_dir_right
                0x0800153e       0x22 ./Core/App/app_control/app_control.o
 .text.y_dir_up
                0x08001560       0x22 ./Core/App/app_control/app_control.o
 .text.y_dir_down
                0x08001582       0x16 ./Core/App/app_control/app_control.o
 .text.get_x_pos_snapshot
                0x08001598       0xac ./Core/App/app_control/app_control.o
 .text.begin_x_homing
                0x08001644       0xdc ./Core/App/app_control/app_control.o
 .text.complete_y_homing_success
                0x08001720       0x70 ./Core/App/app_control/app_control.o
 .text.begin_y_homing
                0x08001790       0x88 ./Core/App/app_control/app_control.o
 .text.process_auto_homing_task
                0x08001818      0x1d8 ./Core/App/app_control/app_control.o
 .text.get_focus_click_pos_snapshot
                0x080019f0       0x2c ./Core/App/app_control/app_control.o
 .text.send_focus_position_message
                0x08001a1c       0x34 ./Core/App/app_control/app_control.o
 .text.get_encoder_zero_offset_snapshot
                0x08001a50       0x2c ./Core/App/app_control/app_control.o
 .text.update_encoder_tracking
                0x08001a7c       0x94 ./Core/App/app_control/app_control.o
 .text.get_encoder_pos_snapshot
                0x08001b10       0x8c ./Core/App/app_control/app_control.o
 .text.read_encoder_raw_corrected
                0x08001b9c       0x50 ./Core/App/app_control/app_control.o
 .text.read_encoder_raw_normalized
                0x08001bec       0x5c ./Core/App/app_control/app_control.o
 .text.poll_encoder_tracking_from_task
                0x08001c48       0x64 ./Core/App/app_control/app_control.o
 .text.set_encoder_zero_from_current
                0x08001cac       0x50 ./Core/App/app_control/app_control.o
 .text.encoder_percent_from_pos
                0x08001cfc       0x58 ./Core/App/app_control/app_control.o
 .text.send_encoder_pos_message
                0x08001d54       0xa4 ./Core/App/app_control/app_control.o
 .text.xy_default_duty
                0x08001df8       0xa4 ./Core/App/app_control/app_control.o
 .text.xy_apply_axis_scale
                0x08001e9c       0x38 ./Core/App/app_control/app_control.o
 .text.xy_axis_min_duty
                0x08001ed4       0x44 ./Core/App/app_control/app_control.o
 .text.xy_parse_duty
                0x08001f18      0x134 ./Core/App/app_control/app_control.o
 .text.xy_stop_axis
                0x0800204c       0xb0 ./Core/App/app_control/app_control.o
 .text.process_xy_kick
                0x080020fc       0xa8 ./Core/App/app_control/app_control.o
 .text.process_xy_stop_pending
                0x080021a4       0x74 ./Core/App/app_control/app_control.o
 .text.update_y_encoder_tracking
                0x08002218       0xac ./Core/App/app_control/app_control.o
 .text.get_y_enc_total_snapshot
                0x080022c4       0x28 ./Core/App/app_control/app_control.o
 .text.send_xy_position_message
                0x080022ec       0x58 ./Core/App/app_control/app_control.o
 .text.send_encoder_raw_message
                0x08002344       0x58 ./Core/App/app_control/app_control.o
 .text.start_focus_move
                0x0800239c       0x80 ./Core/App/app_control/app_control.o
 .text.process_goto_task
                0x0800241c       0xf4 ./Core/App/app_control/app_control.o
 .text.execute_command
                0x08002510      0xa10 ./Core/App/app_control/app_control.o
 .text.process_line
                0x08002f20       0x44 ./Core/App/app_control/app_control.o
 .text.AppControl_Init
                0x08002f64      0x290 ./Core/App/app_control/app_control.o
                0x08002f64                AppControl_Init
 .text.AppControl_Start
                0x080031f4       0x60 ./Core/App/app_control/app_control.o
                0x080031f4                AppControl_Start
 .text.process_xy_endstop_guard
                0x08003254      0x1d4 ./Core/App/app_control/app_control.o
 .text.AppControl_Task
                0x08003428       0xc4 ./Core/App/app_control/app_control.o
                0x08003428                AppControl_Task
 .text.AppControl_Task1ms
                0x080034ec       0x38 ./Core/App/app_control/app_control.o
                0x080034ec                AppControl_Task1ms
 .text.AppControl_OnTimerTickISR
                0x08003524       0x90 ./Core/App/app_control/app_control.o
                0x08003524                AppControl_OnTimerTickISR
 .text.AppControl_OnRxCpltISR
                0x080035b4       0xac ./Core/App/app_control/app_control.o
                0x080035b4                AppControl_OnRxCpltISR
 .text.AppControl_OnTxCpltISR
                0x08003660       0x70 ./Core/App/app_control/app_control.o
                0x08003660                AppControl_OnTxCpltISR
 .text.AppControl_OnEndstopEdgeISR
                0x080036d0       0x7c ./Core/App/app_control/app_control.o
                0x080036d0                AppControl_OnEndstopEdgeISR
 .text.as5600_read_mem
                0x0800374c       0x86 ./Core/App/as5600/as5600.o
 .text.As5600_Init
                0x080037d2       0x6a ./Core/App/as5600/as5600.o
                0x080037d2                As5600_Init
 .text.As5600_ReadRawAngle
                0x0800383c       0x70 ./Core/App/as5600/as5600.o
                0x0800383c                As5600_ReadRawAngle
 .text.set_in_pins_x
                0x080038ac       0x70 ./Core/App/dc_motor_control/dc_motor_control.o
 .text.set_in_pins_y
                0x0800391c       0x74 ./Core/App/dc_motor_control/dc_motor_control.o
 .text.DcMotor_Init
                0x08003990       0x76 ./Core/App/dc_motor_control/dc_motor_control.o
                0x08003990                DcMotor_Init
 .text.DcMotor_Start
                0x08003a06       0xea ./Core/App/dc_motor_control/dc_motor_control.o
                0x08003a06                DcMotor_Start
 .text.DcMotor_StopAll
                0x08003af0       0xbe ./Core/App/dc_motor_control/dc_motor_control.o
                0x08003af0                DcMotor_StopAll
 .text.DcMotor_SetAxis
                0x08003bae       0xe8 ./Core/App/dc_motor_control/dc_motor_control.o
                0x08003bae                DcMotor_SetAxis
 .text.DcMotor_GetEncoderX
                0x08003c96       0x2e ./Core/App/dc_motor_control/dc_motor_control.o
                0x08003c96                DcMotor_GetEncoderX
 .text.set_step_pin
                0x08003cc4       0x24 ./Core/App/stepper_control/stepper_control.o
 .text.set_dir_pin
                0x08003ce8       0x24 ./Core/App/stepper_control/stepper_control.o
 .text.stop_internal
                0x08003d0c       0x4e ./Core/App/stepper_control/stepper_control.o
 .text.Stepper_Init
                0x08003d5a       0x6a ./Core/App/stepper_control/stepper_control.o
                0x08003d5a                Stepper_Init
 .text.Stepper_EnableDriver
                0x08003dc4       0x2c ./Core/App/stepper_control/stepper_control.o
                0x08003dc4                Stepper_EnableDriver
 .text.Stepper_Run
                0x08003df0       0x22 ./Core/App/stepper_control/stepper_control.o
                0x08003df0                Stepper_Run
 .text.Stepper_MoveSteps
                0x08003e12       0x82 ./Core/App/stepper_control/stepper_control.o
                0x08003e12                Stepper_MoveSteps
 .text.Stepper_Stop
                0x08003e94       0x16 ./Core/App/stepper_control/stepper_control.o
                0x08003e94                Stepper_Stop
 .text.Stepper_IsRunning
                0x08003eaa       0x28 ./Core/App/stepper_control/stepper_control.o
                0x08003eaa                Stepper_IsRunning
 .text.Stepper_OnTimerTickISR
                0x08003ed2       0xc4 ./Core/App/stepper_control/stepper_control.o
                0x08003ed2                Stepper_OnTimerTickISR
 .text.starts_with
                0x08003f96       0x30 ./Core/App/uart_protocol/uart_protocol.o
 *fill*         0x08003fc6        0x2 
 .text.UartProtocol_ParseCommand
                0x08003fc8      0x330 ./Core/App/uart_protocol/uart_protocol.o
                0x08003fc8                UartProtocol_ParseCommand
 .text.StartDefaultTask
                0x080042f8       0x12 ./Core/Src/freertos.o
                0x080042f8                StartDefaultTask
 *fill*         0x0800430a        0x2 
 .text.StartControlTask
                0x0800430c       0x78 ./Core/Src/freertos.o
                0x0800430c                StartControlTask
 .text.main     0x08004384       0x74 ./Core/Src/main.o
                0x08004384                main
 .text.SystemClock_Config
                0x080043f8       0xd8 ./Core/Src/main.o
                0x080043f8                SystemClock_Config
 .text.MX_I2C2_Init
                0x080044d0       0x5c ./Core/Src/main.o
 .text.MX_TIM1_Init
                0x0800452c       0xb0 ./Core/Src/main.o
 .text.MX_TIM2_Init
                0x080045dc       0xa8 ./Core/Src/main.o
 .text.MX_TIM3_Init
                0x08004684       0xc8 ./Core/Src/main.o
 .text.MX_TIM4_Init
                0x0800474c       0xa8 ./Core/Src/main.o
 .text.MX_TIM5_Init
                0x080047f4       0x98 ./Core/Src/main.o
 .text.MX_USART2_UART_Init
                0x0800488c       0x54 ./Core/Src/main.o
 .text.MX_DMA_Init
                0x080048e0       0x40 ./Core/Src/main.o
 .text.MX_GPIO_Init
                0x08004920      0x120 ./Core/Src/main.o
 .text.HAL_TIM_PeriodElapsedCallback
                0x08004a40       0x24 ./Core/Src/main.o
                0x08004a40                HAL_TIM_PeriodElapsedCallback
 .text.HAL_UART_RxCpltCallback
                0x08004a64       0x24 ./Core/Src/main.o
                0x08004a64                HAL_UART_RxCpltCallback
 .text.HAL_UART_TxCpltCallback
                0x08004a88       0x24 ./Core/Src/main.o
                0x08004a88                HAL_UART_TxCpltCallback
 .text.HAL_GPIO_EXTI_Callback
                0x08004aac       0x1a ./Core/Src/main.o
                0x08004aac                HAL_GPIO_EXTI_Callback
 .text.Error_Handler
                0x08004ac6        0xc ./Core/Src/main.o
                0x08004ac6                Error_Handler
 *fill*         0x08004ad2        0x2 
 .text.HAL_MspInit
                0x08004ad4       0x58 ./Core/Src/stm32f4xx_hal_msp.o
                0x08004ad4                HAL_MspInit
 .text.HAL_I2C_MspInit
                0x08004b2c       0xb0 ./Core/Src/stm32f4xx_hal_msp.o
                0x08004b2c                HAL_I2C_MspInit
 .text.HAL_I2C_MspDeInit
                0x08004bdc       0x44 ./Core/Src/stm32f4xx_hal_msp.o
                0x08004bdc                HAL_I2C_MspDeInit
 .text.HAL_TIM_Encoder_MspInit
                0x08004c20      0x170 ./Core/Src/stm32f4xx_hal_msp.o
                0x08004c20                HAL_TIM_Encoder_MspInit
 .text.HAL_TIM_PWM_MspInit
                0x08004d90       0x44 ./Core/Src/stm32f4xx_hal_msp.o
                0x08004d90                HAL_TIM_PWM_MspInit
 .text.HAL_TIM_Base_MspInit
                0x08004dd4       0x50 ./Core/Src/stm32f4xx_hal_msp.o
                0x08004dd4                HAL_TIM_Base_MspInit
 .text.HAL_TIM_MspPostInit
                0x08004e24       0x74 ./Core/Src/stm32f4xx_hal_msp.o
                0x08004e24                HAL_TIM_MspPostInit
 .text.HAL_UART_MspInit
                0x08004e98      0x104 ./Core/Src/stm32f4xx_hal_msp.o
                0x08004e98                HAL_UART_MspInit
 .text.NMI_Handler
                0x08004f9c        0x8 ./Core/Src/stm32f4xx_it.o
                0x08004f9c                NMI_Handler
 .text.HardFault_Handler
                0x08004fa4        0x8 ./Core/Src/stm32f4xx_it.o
                0x08004fa4                HardFault_Handler
 .text.MemManage_Handler
                0x08004fac        0x8 ./Core/Src/stm32f4xx_it.o
                0x08004fac                MemManage_Handler
 .text.BusFault_Handler
                0x08004fb4        0x8 ./Core/Src/stm32f4xx_it.o
                0x08004fb4                BusFault_Handler
 .text.UsageFault_Handler
                0x08004fbc        0x8 ./Core/Src/stm32f4xx_it.o
                0x08004fbc                UsageFault_Handler
 .text.DebugMon_Handler
                0x08004fc4        0xe ./Core/Src/stm32f4xx_it.o
                0x08004fc4                DebugMon_Handler
 .text.SysTick_Handler
                0x08004fd2       0x1a ./Core/Src/stm32f4xx_it.o
                0x08004fd2                SysTick_Handler
 .text.DMA1_Stream6_IRQHandler
                0x08004fec       0x14 ./Core/Src/stm32f4xx_it.o
                0x08004fec                DMA1_Stream6_IRQHandler
 .text.TIM2_IRQHandler
                0x08005000       0x14 ./Core/Src/stm32f4xx_it.o
                0x08005000                TIM2_IRQHandler
 .text.USART2_IRQHandler
                0x08005014       0x14 ./Core/Src/stm32f4xx_it.o
                0x08005014                USART2_IRQHandler
 .text.EXTI15_10_IRQHandler
                0x08005028       0x20 ./Core/Src/stm32f4xx_it.o
                0x08005028                EXTI15_10_IRQHandler
 .text.TIM5_IRQHandler
                0x08005048       0x14 ./Core/Src/stm32f4xx_it.o
                0x08005048                TIM5_IRQHandler
 .text._sbrk    0x0800505c       0x6c ./Core/Src/sysmem.o
                0x0800505c                _sbrk
 .text.SystemInit
                0x080050c8       0x24 ./Core/Src/system_stm32f4xx.o
                0x080050c8                SystemInit
 .text.Reset_Handler
                0x080050ec       0x50 ./Core/Startup/startup_stm32f401ccux.o
                0x080050ec                Reset_Handler
 .text.Default_Handler
                0x0800513c        0x2 ./Core/Startup/startup_stm32f401ccux.o
                0x0800513c                RTC_Alarm_IRQHandler
                0x0800513c                EXTI2_IRQHandler
                0x0800513c                SPI4_IRQHandler
                0x0800513c                TIM1_CC_IRQHandler
                0x0800513c                DMA2_Stream5_IRQHandler
                0x0800513c                DMA1_Stream5_IRQHandler
                0x0800513c                PVD_IRQHandler
                0x0800513c                SDIO_IRQHandler
                0x0800513c                TAMP_STAMP_IRQHandler
                0x0800513c                EXTI3_IRQHandler
                0x0800513c                TIM1_UP_TIM10_IRQHandler
                0x0800513c                I2C3_ER_IRQHandler
                0x0800513c                EXTI0_IRQHandler
                0x0800513c                I2C2_EV_IRQHandler
                0x0800513c                DMA1_Stream2_IRQHandler
                0x0800513c                FPU_IRQHandler
                0x0800513c                DMA2_Stream2_IRQHandler
                0x0800513c                SPI1_IRQHandler
                0x0800513c                TIM1_BRK_TIM9_IRQHandler
                0x0800513c                DMA2_Stream3_IRQHandler
                0x0800513c                USART6_IRQHandler
                0x0800513c                DMA2_Stream0_IRQHandler
                0x0800513c                TIM4_IRQHandler
                0x0800513c                I2C1_EV_IRQHandler
                0x0800513c                DMA1_Stream1_IRQHandler
                0x0800513c                TIM3_IRQHandler
                0x0800513c                RCC_IRQHandler
                0x0800513c                Default_Handler
                0x0800513c                ADC_IRQHandler
                0x0800513c                DMA1_Stream7_IRQHandler
                0x0800513c                DMA2_Stream7_IRQHandler
                0x0800513c                I2C3_EV_IRQHandler
                0x0800513c                EXTI9_5_IRQHandler
                0x0800513c                RTC_WKUP_IRQHandler
                0x0800513c                SPI2_IRQHandler
                0x0800513c                DMA1_Stream0_IRQHandler
                0x0800513c                EXTI4_IRQHandler
                0x0800513c                WWDG_IRQHandler
                0x0800513c                OTG_FS_WKUP_IRQHandler
                0x0800513c                TIM1_TRG_COM_TIM11_IRQHandler
                0x0800513c                EXTI1_IRQHandler
                0x0800513c                I2C2_ER_IRQHandler
                0x0800513c                DMA2_Stream1_IRQHandler
                0x0800513c                FLASH_IRQHandler
                0x0800513c                DMA2_Stream4_IRQHandler
                0x0800513c                USART1_IRQHandler
                0x0800513c                OTG_FS_IRQHandler
                0x0800513c                SPI3_IRQHandler
                0x0800513c                DMA1_Stream4_IRQHandler
                0x0800513c                I2C1_ER_IRQHandler
                0x0800513c                DMA2_Stream6_IRQHandler
                0x0800513c                DMA1_Stream3_IRQHandler
 *fill*         0x0800513e        0x2 
 .text.HAL_Init
                0x08005140       0x44 ./Drivers/STM32F4xx_HAL_Driver/Src/stm32f4xx_hal.o
                0x08005140                HAL_Init
 .text.HAL_InitTick
                0x08005184       0x60 ./Drivers/STM32F4xx_HAL_Driver/Src/stm32f4xx_hal.o
                0x08005184                HAL_InitTick
 .text.HAL_IncTick
                0x080051e4       0x28 ./Drivers/STM32F4xx_HAL_Driver/Src/stm32f4xx_hal.o
                0x080051e4                HAL_IncTick
 .text.HAL_GetTick
                0x0800520c       0x18 ./Drivers/STM32F4xx_HAL_Driver/Src/stm32f4xx_hal.o
                0x0800520c                HAL_GetTick
 .text.HAL_Delay
                0x08005224       0x48 ./Drivers/STM32F4xx_HAL_Driver/Src/stm32f4xx_hal.o
                0x08005224                HAL_Delay
 .text.__NVIC_SetPriorityGrouping
                0x0800526c       0x48 ./Drivers/STM32F4xx_HAL_Driver/Src/stm32f4xx_hal_cortex.o
 .text.__NVIC_GetPriorityGrouping
                0x080052b4       0x1c ./Drivers/STM32F4xx_HAL_Driver/Src/stm32f4xx_hal_cortex.o
 .text.__NVIC_EnableIRQ
                0x080052d0       0x3c ./Drivers/STM32F4xx_HAL_Driver/Src/stm32f4xx_hal_cortex.o
 .text.__NVIC_SetPriority
                0x0800530c       0x54 ./Drivers/STM32F4xx_HAL_Driver/Src/stm32f4xx_hal_cortex.o
 .text.NVIC_EncodePriority
                0x08005360       0x66 ./Drivers/STM32F4xx_HAL_Driver/Src/stm32f4xx_hal_cortex.o
 *fill*         0x080053c6        0x2 
 .text.SysTick_Config
                0x080053c8       0x44 ./Drivers/STM32F4xx_HAL_Driver/Src/stm32f4xx_hal_cortex.o
 .text.HAL_NVIC_SetPriorityGrouping
                0x0800540c       0x16 ./Drivers/STM32F4xx_HAL_Driver/Src/stm32f4xx_hal_cortex.o
                0x0800540c                HAL_NVIC_SetPriorityGrouping
 .text.HAL_NVIC_SetPriority
                0x08005422       0x38 ./Drivers/STM32F4xx_HAL_Driver/Src/stm32f4xx_hal_cortex.o
                0x08005422                HAL_NVIC_SetPriority
 .text.HAL_NVIC_EnableIRQ
                0x0800545a       0x1c ./Drivers/STM32F4xx_HAL_Driver/Src/stm32f4xx_hal_cortex.o
                0x0800545a                HAL_NVIC_EnableIRQ
 .text.HAL_SYSTICK_Config
                0x08005476       0x18 ./Drivers/STM32F4xx_HAL_Driver/Src/stm32f4xx_hal_cortex.o
                0x08005476                HAL_SYSTICK_Config
 *fill*         0x0800548e        0x2 
 .text.HAL_DMA_Init
                0x08005490      0x15c ./Drivers/STM32F4xx_HAL_Driver/Src/stm32f4xx_hal_dma.o
                0x08005490                HAL_DMA_Init
 .text.HAL_DMA_Start_IT
                0x080055ec       0xb0 ./Drivers/STM32F4xx_HAL_Driver/Src/stm32f4xx_hal_dma.o
                0x080055ec                HAL_DMA_Start_IT
 .text.HAL_DMA_Abort
                0x0800569c       0xe0 ./Drivers/STM32F4xx_HAL_Driver/Src/stm32f4xx_hal_dma.o
                0x0800569c                HAL_DMA_Abort
 .text.HAL_DMA_Abort_IT
                0x0800577c       0x44 ./Drivers/STM32F4xx_HAL_Driver/Src/stm32f4xx_hal_dma.o
                0x0800577c                HAL_DMA_Abort_IT
 .text.HAL_DMA_IRQHandler
                0x080057c0      0x314 ./Drivers/STM32F4xx_HAL_Driver/Src/stm32f4xx_hal_dma.o
                0x080057c0                HAL_DMA_IRQHandler
 .text.DMA_SetConfig
                0x08005ad4       0x5c ./Drivers/STM32F4xx_HAL_Driver/Src/stm32f4xx_hal_dma.o
 .text.DMA_CalcBaseAndBitshift
                0x08005b30       0x6c ./Drivers/STM32F4xx_HAL_Driver/Src/stm32f4xx_hal_dma.o
 .text.DMA_CheckFifoParam
                0x08005b9c       0xf8 ./Drivers/STM32F4xx_HAL_Driver/Src/stm32f4xx_hal_dma.o
 .text.HAL_GPIO_Init
                0x08005c94      0x308 ./Drivers/STM32F4xx_HAL_Driver/Src/stm32f4xx_hal_gpio.o
                0x08005c94                HAL_GPIO_Init
 .text.HAL_GPIO_DeInit
                0x08005f9c      0x1c8 ./Drivers/STM32F4xx_HAL_Driver/Src/stm32f4xx_hal_gpio.o
                0x08005f9c                HAL_GPIO_DeInit
 .text.HAL_GPIO_ReadPin
                0x08006164       0x30 ./Drivers/STM32F4xx_HAL_Driver/Src/stm32f4xx_hal_gpio.o
                0x08006164                HAL_GPIO_ReadPin
 .text.HAL_GPIO_WritePin
                0x08006194       0x32 ./Drivers/STM32F4xx_HAL_Driver/Src/stm32f4xx_hal_gpio.o
                0x08006194                HAL_GPIO_WritePin
 *fill*         0x080061c6        0x2 
 .text.HAL_GPIO_EXTI_IRQHandler
                0x080061c8       0x30 ./Drivers/STM32F4xx_HAL_Driver/Src/stm32f4xx_hal_gpio.o
                0x080061c8                HAL_GPIO_EXTI_IRQHandler
 .text.HAL_I2C_Init
                0x080061f8      0x288 ./Drivers/STM32F4xx_HAL_Driver/Src/stm32f4xx_hal_i2c.o
                0x080061f8                HAL_I2C_Init
 .text.HAL_I2C_DeInit
                0x08006480       0x5e ./Drivers/STM32F4xx_HAL_Driver/Src/stm32f4xx_hal_i2c.o
                0x08006480                HAL_I2C_DeInit
 *fill*         0x080064de        0x2 
 .text.HAL_I2C_Mem_Read
                0x080064e0      0x464 ./Drivers/STM32F4xx_HAL_Driver/Src/stm32f4xx_hal_i2c.o
                0x080064e0                HAL_I2C_Mem_Read
 .text.I2C_RequestMemoryRead
                0x08006944      0x1d0 ./Drivers/STM32F4xx_HAL_Driver/Src/stm32f4xx_hal_i2c.o
 .text.I2C_WaitOnFlagUntilTimeout
                0x08006b14       0xf4 ./Drivers/STM32F4xx_HAL_Driver/Src/stm32f4xx_hal_i2c.o
 .text.I2C_WaitOnMasterAddressFlagUntilTimeout
                0x08006c08      0x140 ./Drivers/STM32F4xx_HAL_Driver/Src/stm32f4xx_hal_i2c.o
 .text.I2C_WaitOnTXEFlagUntilTimeout
                0x08006d48       0x90 ./Drivers/STM32F4xx_HAL_Driver/Src/stm32f4xx_hal_i2c.o
 .text.I2C_WaitOnRXNEFlagUntilTimeout
                0x08006dd8       0xba ./Drivers/STM32F4xx_HAL_Driver/Src/stm32f4xx_hal_i2c.o
 .text.I2C_IsAcknowledgeFailed
                0x08006e92       0x5e ./Drivers/STM32F4xx_HAL_Driver/Src/stm32f4xx_hal_i2c.o
 .text.HAL_RCC_OscConfig
                0x08006ef0      0x4f0 ./Drivers/STM32F4xx_HAL_Driver/Src/stm32f4xx_hal_rcc.o
                0x08006ef0                HAL_RCC_OscConfig
 .text.HAL_RCC_ClockConfig
                0x080073e0      0x1cc ./Drivers/STM32F4xx_HAL_Driver/Src/stm32f4xx_hal_rcc.o
                0x080073e0                HAL_RCC_ClockConfig
 .text.HAL_RCC_GetSysClockFreq
                0x080075ac      0x18c ./Drivers/STM32F4xx_HAL_Driver/Src/stm32f4xx_hal_rcc.o
                0x080075ac                HAL_RCC_GetSysClockFreq
 .text.HAL_RCC_GetHCLKFreq
                0x08007738       0x18 ./Drivers/STM32F4xx_HAL_Driver/Src/stm32f4xx_hal_rcc.o
                0x08007738                HAL_RCC_GetHCLKFreq
 .text.HAL_RCC_GetPCLK1Freq
                0x08007750       0x28 ./Drivers/STM32F4xx_HAL_Driver/Src/stm32f4xx_hal_rcc.o
                0x08007750                HAL_RCC_GetPCLK1Freq
 .text.HAL_RCC_GetPCLK2Freq
                0x08007778       0x28 ./Drivers/STM32F4xx_HAL_Driver/Src/stm32f4xx_hal_rcc.o
                0x08007778                HAL_RCC_GetPCLK2Freq
 .text.HAL_TIM_Base_Init
                0x080077a0       0x9e ./Drivers/STM32F4xx_HAL_Driver/Src/stm32f4xx_hal_tim.o
                0x080077a0                HAL_TIM_Base_Init
 *fill*         0x0800783e        0x2 
 .text.HAL_TIM_Base_Start_IT
                0x08007840       0xc4 ./Drivers/STM32F4xx_HAL_Driver/Src/stm32f4xx_hal_tim.o
                0x08007840                HAL_TIM_Base_Start_IT
 .text.HAL_TIM_PWM_Init
                0x08007904       0x9e ./Drivers/STM32F4xx_HAL_Driver/Src/stm32f4xx_hal_tim.o
                0x08007904                HAL_TIM_PWM_Init
 *fill*         0x080079a2        0x2 
 .text.HAL_TIM_PWM_Start
                0x080079a4      0x160 ./Drivers/STM32F4xx_HAL_Driver/Src/stm32f4xx_hal_tim.o
                0x080079a4                HAL_TIM_PWM_Start
 .text.HAL_TIM_Encoder_Init
                0x08007b04      0x14c ./Drivers/STM32F4xx_HAL_Driver/Src/stm32f4xx_hal_tim.o
                0x08007b04                HAL_TIM_Encoder_Init
 .text.HAL_TIM_Encoder_Start
                0x08007c50      0x11c ./Drivers/STM32F4xx_HAL_Driver/Src/stm32f4xx_hal_tim.o
                0x08007c50                HAL_TIM_Encoder_Start
 .text.HAL_TIM_IRQHandler
                0x08007d6c      0x1e0 ./Drivers/STM32F4xx_HAL_Driver/Src/stm32f4xx_hal_tim.o
                0x08007d6c                HAL_TIM_IRQHandler
 .text.HAL_TIM_PWM_ConfigChannel
                0x08007f4c      0x184 ./Drivers/STM32F4xx_HAL_Driver/Src/stm32f4xx_hal_tim.o
                0x08007f4c                HAL_TIM_PWM_ConfigChannel
 .text.HAL_TIM_ConfigClockSource
                0x080080d0      0x18e ./Drivers/STM32F4xx_HAL_Driver/Src/stm32f4xx_hal_tim.o
                0x080080d0                HAL_TIM_ConfigClockSource
 .text.HAL_TIM_OC_DelayElapsedCallback
                0x0800825e       0x14 ./Drivers/STM32F4xx_HAL_Driver/Src/stm32f4xx_hal_tim.o
                0x0800825e                HAL_TIM_OC_DelayElapsedCallback
 .text.HAL_TIM_IC_CaptureCallback
                0x08008272       0x14 ./Drivers/STM32F4xx_HAL_Driver/Src/stm32f4xx_hal_tim.o
                0x08008272                HAL_TIM_IC_CaptureCallback
 .text.HAL_TIM_PWM_PulseFinishedCallback
                0x08008286       0x14 ./Drivers/STM32F4xx_HAL_Driver/Src/stm32f4xx_hal_tim.o
                0x08008286                HAL_TIM_PWM_PulseFinishedCallback
 .text.HAL_TIM_TriggerCallback
                0x0800829a       0x14 ./Drivers/STM32F4xx_HAL_Driver/Src/stm32f4xx_hal_tim.o
                0x0800829a                HAL_TIM_TriggerCallback
 *fill*         0x080082ae        0x2 
 .text.TIM_Base_SetConfig
                0x080082b0      0x118 ./Drivers/STM32F4xx_HAL_Driver/Src/stm32f4xx_hal_tim.o
                0x080082b0                TIM_Base_SetConfig
 .text.TIM_OC1_SetConfig
                0x080083c8       0xcc ./Drivers/STM32F4xx_HAL_Driver/Src/stm32f4xx_hal_tim.o
 .text.TIM_OC2_SetConfig
                0x08008494       0xd8 ./Drivers/STM32F4xx_HAL_Driver/Src/stm32f4xx_hal_tim.o
                0x08008494                TIM_OC2_SetConfig
 .text.TIM_OC3_SetConfig
                0x0800856c       0xd4 ./Drivers/STM32F4xx_HAL_Driver/Src/stm32f4xx_hal_tim.o
 .text.TIM_OC4_SetConfig
                0x08008640       0xa0 ./Drivers/STM32F4xx_HAL_Driver/Src/stm32f4xx_hal_tim.o
 .text.TIM_TI1_ConfigInputStage
                0x080086e0       0x5e ./Drivers/STM32F4xx_HAL_Driver/Src/stm32f4xx_hal_tim.o
 .text.TIM_TI2_ConfigInputStage
                0x0800873e       0x60 ./Drivers/STM32F4xx_HAL_Driver/Src/stm32f4xx_hal_tim.o
 .text.TIM_ITRx_SetConfig
                0x0800879e       0x36 ./Drivers/STM32F4xx_HAL_Driver/Src/stm32f4xx_hal_tim.o
 .text.TIM_ETR_SetConfig
                0x080087d4       0x40 ./Drivers/STM32F4xx_HAL_Driver/Src/stm32f4xx_hal_tim.o
                0x080087d4                TIM_ETR_SetConfig
 .text.TIM_CCxChannelCmd
                0x08008814       0x4a ./Drivers/STM32F4xx_HAL_Driver/Src/stm32f4xx_hal_tim.o
                0x08008814                TIM_CCxChannelCmd
 *fill*         0x0800885e        0x2 
 .text.HAL_TIMEx_MasterConfigSynchronization
                0x08008860       0xdc ./Drivers/STM32F4xx_HAL_Driver/Src/stm32f4xx_hal_tim_ex.o
                0x08008860                HAL_TIMEx_MasterConfigSynchronization
 .text.HAL_TIMEx_CommutCallback
                0x0800893c       0x14 ./Drivers/STM32F4xx_HAL_Driver/Src/stm32f4xx_hal_tim_ex.o
                0x0800893c                HAL_TIMEx_CommutCallback
 .text.HAL_TIMEx_BreakCallback
                0x08008950       0x14 ./Drivers/STM32F4xx_HAL_Driver/Src/stm32f4xx_hal_tim_ex.o
                0x08008950                HAL_TIMEx_BreakCallback
 .text.HAL_UART_Init
                0x08008964       0xa0 ./Drivers/STM32F4xx_HAL_Driver/Src/stm32f4xx_hal_uart.o
                0x08008964                HAL_UART_Init
 .text.HAL_UART_Receive_IT
                0x08008a04       0x4a ./Drivers/STM32F4xx_HAL_Driver/Src/stm32f4xx_hal_uart.o
                0x08008a04                HAL_UART_Receive_IT
 *fill*         0x08008a4e        0x2 
 .text.HAL_UART_Transmit_DMA
                0x08008a50       0xe0 ./Drivers/STM32F4xx_HAL_Driver/Src/stm32f4xx_hal_uart.o
                0x08008a50                HAL_UART_Transmit_DMA
 .text.HAL_UART_IRQHandler
                0x08008b30      0x524 ./Drivers/STM32F4xx_HAL_Driver/Src/stm32f4xx_hal_uart.o
                0x08008b30                HAL_UART_IRQHandler
 .text.HAL_UART_TxHalfCpltCallback
                0x08009054       0x14 ./Drivers/STM32F4xx_HAL_Driver/Src/stm32f4xx_hal_uart.o
                0x08009054                HAL_UART_TxHalfCpltCallback
 .text.HAL_UART_ErrorCallback
                0x08009068       0x14 ./Drivers/STM32F4xx_HAL_Driver/Src/stm32f4xx_hal_uart.o
                0x08009068                HAL_UART_ErrorCallback
 .text.HAL_UARTEx_RxEventCallback
                0x0800907c       0x18 ./Drivers/STM32F4xx_HAL_Driver/Src/stm32f4xx_hal_uart.o
                0x0800907c                HAL_UARTEx_RxEventCallback
 .text.UART_DMATransmitCplt
                0x08009094       0x9a ./Drivers/STM32F4xx_HAL_Driver/Src/stm32f4xx_hal_uart.o
 .text.UART_DMATxHalfCplt
                0x0800912e       0x1c ./Drivers/STM32F4xx_HAL_Driver/Src/stm32f4xx_hal_uart.o
 .text.UART_DMAError
                0x0800914a       0x94 ./Drivers/STM32F4xx_HAL_Driver/Src/stm32f4xx_hal_uart.o
 .text.UART_Start_Receive_IT
                0x080091de       0x74 ./Drivers/STM32F4xx_HAL_Driver/Src/stm32f4xx_hal_uart.o
                0x080091de                UART_Start_Receive_IT
 .text.UART_EndTxTransfer
                0x08009252       0x50 ./Drivers/STM32F4xx_HAL_Driver/Src/stm32f4xx_hal_uart.o
 .text.UART_EndRxTransfer
                0x080092a2       0xc6 ./Drivers/STM32F4xx_HAL_Driver/Src/stm32f4xx_hal_uart.o
 .text.UART_DMAAbortOnError
                0x08009368       0x28 ./Drivers/STM32F4xx_HAL_Driver/Src/stm32f4xx_hal_uart.o
 .text.UART_Transmit_IT
                0x08009390       0xa0 ./Drivers/STM32F4xx_HAL_Driver/Src/stm32f4xx_hal_uart.o
 .text.UART_EndTransmit_IT
                0x08009430       0x30 ./Drivers/STM32F4xx_HAL_Driver/Src/stm32f4xx_hal_uart.o
 .text.UART_Receive_IT
                0x08009460      0x17c ./Drivers/STM32F4xx_HAL_Driver/Src/stm32f4xx_hal_uart.o
 .text.UART_SetConfig
                0x080095dc      0x4e8 ./Drivers/STM32F4xx_HAL_Driver/Src/stm32f4xx_hal_uart.o
 .text.__NVIC_SetPriority
                0x08009ac4       0x54 ./Middlewares/Third_Party/FreeRTOS/Source/CMSIS_RTOS_V2/cmsis_os2.o
 .text.SVC_Setup
                0x08009b18       0x12 ./Middlewares/Third_Party/FreeRTOS/Source/CMSIS_RTOS_V2/cmsis_os2.o
 *fill*         0x08009b2a        0x2 
 .text.osKernelInitialize
                0x08009b2c       0x48 ./Middlewares/Third_Party/FreeRTOS/Source/CMSIS_RTOS_V2/cmsis_os2.o
                0x08009b2c                osKernelInitialize
 .text.osKernelStart
                0x08009b74       0x4c ./Middlewares/Third_Party/FreeRTOS/Source/CMSIS_RTOS_V2/cmsis_os2.o
                0x08009b74                osKernelStart
 .text.osThreadNew
                0x08009bc0      0x124 ./Middlewares/Third_Party/FreeRTOS/Source/CMSIS_RTOS_V2/cmsis_os2.o
                0x08009bc0                osThreadNew
 .text.osDelay  0x08009ce4       0x36 ./Middlewares/Third_Party/FreeRTOS/Source/CMSIS_RTOS_V2/cmsis_os2.o
                0x08009ce4                osDelay
 *fill*         0x08009d1a        0x2 
 .text.vApplicationGetIdleTaskMemory
                0x08009d1c       0x34 ./Middlewares/Third_Party/FreeRTOS/Source/CMSIS_RTOS_V2/cmsis_os2.o
                0x08009d1c                vApplicationGetIdleTaskMemory
 .text.vApplicationGetTimerTaskMemory
                0x08009d50       0x34 ./Middlewares/Third_Party/FreeRTOS/Source/CMSIS_RTOS_V2/cmsis_os2.o
                0x08009d50                vApplicationGetTimerTaskMemory
 .text.vListInitialise
                0x08009d84       0x40 ./Middlewares/Third_Party/FreeRTOS/Source/list.o
                0x08009d84                vListInitialise
 .text.vListInitialiseItem
                0x08009dc4       0x1a ./Middlewares/Third_Party/FreeRTOS/Source/list.o
                0x08009dc4                vListInitialiseItem
 .text.vListInsertEnd
                0x08009dde       0x48 ./Middlewares/Third_Party/FreeRTOS/Source/list.o
                0x08009dde                vListInsertEnd
 .text.vListInsert
                0x08009e26       0x72 ./Middlewares/Third_Party/FreeRTOS/Source/list.o
                0x08009e26                vListInsert
 .text.uxListRemove
                0x08009e98       0x54 ./Middlewares/Third_Party/FreeRTOS/Source/list.o
                0x08009e98                uxListRemove
 .text.xQueueGenericReset
                0x08009eec       0xd4 ./Middlewares/Third_Party/FreeRTOS/Source/queue.o
                0x08009eec                xQueueGenericReset
 .text.xQueueGenericCreateStatic
                0x08009fc0       0xfa ./Middlewares/Third_Party/FreeRTOS/Source/queue.o
                0x08009fc0                xQueueGenericCreateStatic
 .text.prvInitialiseNewQueue
                0x0800a0ba       0x46 ./Middlewares/Third_Party/FreeRTOS/Source/queue.o
 .text.xQueueGenericSend
                0x0800a100      0x204 ./Middlewares/Third_Party/FreeRTOS/Source/queue.o
                0x0800a100                xQueueGenericSend
 .text.xQueueGenericSendFromISR
                0x0800a304      0x13c ./Middlewares/Third_Party/FreeRTOS/Source/queue.o
                0x0800a304                xQueueGenericSendFromISR
 .text.xQueueReceive
                0x0800a440      0x1c4 ./Middlewares/Third_Party/FreeRTOS/Source/queue.o
                0x0800a440                xQueueReceive
 .text.prvCopyDataToQueue
                0x0800a604       0xd4 ./Middlewares/Third_Party/FreeRTOS/Source/queue.o
 .text.prvCopyDataFromQueue
                0x0800a6d8       0x4c ./Middlewares/Third_Party/FreeRTOS/Source/queue.o
 .text.prvUnlockQueue
                0x0800a724       0xa4 ./Middlewares/Third_Party/FreeRTOS/Source/queue.o
 .text.prvIsQueueEmpty
                0x0800a7c8       0x2c ./Middlewares/Third_Party/FreeRTOS/Source/queue.o
 .text.prvIsQueueFull
                0x0800a7f4       0x30 ./Middlewares/Third_Party/FreeRTOS/Source/queue.o
 .text.vQueueAddToRegistry
                0x0800a824       0x54 ./Middlewares/Third_Party/FreeRTOS/Source/queue.o
                0x0800a824                vQueueAddToRegistry
 .text.vQueueWaitForMessageRestricted
                0x0800a878       0x68 ./Middlewares/Third_Party/FreeRTOS/Source/queue.o
                0x0800a878                vQueueWaitForMessageRestricted
 .text.xTaskCreateStatic
                0x0800a8e0       0xc0 ./Middlewares/Third_Party/FreeRTOS/Source/tasks.o
                0x0800a8e0                xTaskCreateStatic
 .text.xTaskCreate
                0x0800a9a0       0x8a ./Middlewares/Third_Party/FreeRTOS/Source/tasks.o
                0x0800a9a0                xTaskCreate
 .text.prvInitialiseNewTask
                0x0800aa2a      0x120 ./Middlewares/Third_Party/FreeRTOS/Source/tasks.o
 *fill*         0x0800ab4a        0x2 
 .text.prvAddNewTaskToReadyList
                0x0800ab4c       0xe0 ./Middlewares/Third_Party/FreeRTOS/Source/tasks.o
 .text.vTaskDelay
                0x0800ac2c       0x6c ./Middlewares/Third_Party/FreeRTOS/Source/tasks.o
                0x0800ac2c                vTaskDelay
 .text.vTaskStartScheduler
                0x0800ac98       0xd0 ./Middlewares/Third_Party/FreeRTOS/Source/tasks.o
                0x0800ac98                vTaskStartScheduler
 .text.vTaskSuspendAll
                0x0800ad68       0x1c ./Middlewares/Third_Party/FreeRTOS/Source/tasks.o
                0x0800ad68                vTaskSuspendAll
 .text.xTaskResumeAll
                0x0800ad84      0x13c ./Middlewares/Third_Party/FreeRTOS/Source/tasks.o
                0x0800ad84                xTaskResumeAll
 .text.xTaskGetTickCount
                0x0800aec0       0x20 ./Middlewares/Third_Party/FreeRTOS/Source/tasks.o
                0x0800aec0                xTaskGetTickCount
 .text.xTaskIncrementTick
                0x0800aee0      0x174 ./Middlewares/Third_Party/FreeRTOS/Source/tasks.o
                0x0800aee0                xTaskIncrementTick
 .text.vTaskSwitchContext
                0x0800b054       0xbc ./Middlewares/Third_Party/FreeRTOS/Source/tasks.o
                0x0800b054                vTaskSwitchContext
 .text.vTaskPlaceOnEventList
                0x0800b110       0x4c ./Middlewares/Third_Party/FreeRTOS/Source/tasks.o
                0x0800b110                vTaskPlaceOnEventList
 .text.vTaskPlaceOnEventListRestricted
                0x0800b15c       0x58 ./Middlewares/Third_Party/FreeRTOS/Source/tasks.o
                0x0800b15c                vTaskPlaceOnEventListRestricted
 .text.xTaskRemoveFromEventList
                0x0800b1b4       0xc8 ./Middlewares/Third_Party/FreeRTOS/Source/tasks.o
                0x0800b1b4                xTaskRemoveFromEventList
 .text.vTaskInternalSetTimeOutState
                0x0800b27c       0x2c ./Middlewares/Third_Party/FreeRTOS/Source/tasks.o
                0x0800b27c                vTaskInternalSetTimeOutState
 .text.xTaskCheckForTimeOut
                0x0800b2a8       0xc8 ./Middlewares/Third_Party/FreeRTOS/Source/tasks.o
                0x0800b2a8                xTaskCheckForTimeOut
 .text.vTaskMissedYield
                0x0800b370       0x18 ./Middlewares/Third_Party/FreeRTOS/Source/tasks.o
                0x0800b370                vTaskMissedYield
 .text.prvIdleTask
                0x0800b388       0x30 ./Middlewares/Third_Party/FreeRTOS/Source/tasks.o
 .text.prvInitialiseTaskLists
                0x0800b3b8       0x80 ./Middlewares/Third_Party/FreeRTOS/Source/tasks.o
 .text.prvCheckTasksWaitingTermination
                0x0800b438       0x5c ./Middlewares/Third_Party/FreeRTOS/Source/tasks.o
 .text.prvDeleteTCB
                0x0800b494       0x60 ./Middlewares/Third_Party/FreeRTOS/Source/tasks.o
 .text.prvResetNextTaskUnblockTime
                0x0800b4f4       0x40 ./Middlewares/Third_Party/FreeRTOS/Source/tasks.o
 .text.xTaskGetCurrentTaskHandle
                0x0800b534       0x20 ./Middlewares/Third_Party/FreeRTOS/Source/tasks.o
                0x0800b534                xTaskGetCurrentTaskHandle
 .text.xTaskGetSchedulerState
                0x0800b554       0x3c ./Middlewares/Third_Party/FreeRTOS/Source/tasks.o
                0x0800b554                xTaskGetSchedulerState
 .text.xTaskPriorityDisinherit
                0x0800b590       0xe0 ./Middlewares/Third_Party/FreeRTOS/Source/tasks.o
                0x0800b590                xTaskPriorityDisinherit
 .text.ulTaskNotifyTake
                0x0800b670       0x90 ./Middlewares/Third_Party/FreeRTOS/Source/tasks.o
                0x0800b670                ulTaskNotifyTake
 .text.vTaskNotifyGiveFromISR
                0x0800b700      0x128 ./Middlewares/Third_Party/FreeRTOS/Source/tasks.o
                0x0800b700                vTaskNotifyGiveFromISR
 .text.prvAddCurrentTaskToDelayedList
                0x0800b828       0xa8 ./Middlewares/Third_Party/FreeRTOS/Source/tasks.o
 .text.xTimerCreateTimerTask
                0x0800b8d0       0x94 ./Middlewares/Third_Party/FreeRTOS/Source/timers.o
                0x0800b8d0                xTimerCreateTimerTask
 .text.xTimerGenericCommand
                0x0800b964       0x9c ./Middlewares/Third_Party/FreeRTOS/Source/timers.o
                0x0800b964                xTimerGenericCommand
 .text.prvProcessExpiredTimer
                0x0800ba00       0x9c ./Middlewares/Third_Party/FreeRTOS/Source/timers.o
 .text.prvTimerTask
                0x0800ba9c       0x26 ./Middlewares/Third_Party/FreeRTOS/Source/timers.o
 *fill*         0x0800bac2        0x2 
 .text.prvProcessTimerOrBlockTask
                0x0800bac4       0x9c ./Middlewares/Third_Party/FreeRTOS/Source/timers.o
 .text.prvGetNextExpireTime
                0x0800bb60       0x48 ./Middlewares/Third_Party/FreeRTOS/Source/timers.o
 .text.prvSampleTimeNow
                0x0800bba8       0x40 ./Middlewares/Third_Party/FreeRTOS/Source/timers.o
 .text.prvInsertTimerInActiveList
                0x0800bbe8       0x84 ./Middlewares/Third_Party/FreeRTOS/Source/timers.o
 .text.prvProcessReceivedCommands
                0x0800bc6c      0x1cc ./Middlewares/Third_Party/FreeRTOS/Source/timers.o
 .text.prvSwitchTimerLists
                0x0800be38       0xcc ./Middlewares/Third_Party/FreeRTOS/Source/timers.o
 .text.prvCheckForValidListAndQueue
                0x0800bf04       0x80 ./Middlewares/Third_Party/FreeRTOS/Source/timers.o
 .text.pxPortInitialiseStack
                0x0800bf84       0x68 ./Middlewares/Third_Party/FreeRTOS/Source/portable/GCC/ARM_CM4F/port.o
                0x0800bf84                pxPortInitialiseStack
 .text.prvTaskExitError
                0x0800bfec       0x5c ./Middlewares/Third_Party/FreeRTOS/Source/portable/GCC/ARM_CM4F/port.o
 *fill*         0x0800c048        0x8 
 .text.SVC_Handler
                0x0800c050       0x28 ./Middlewares/Third_Party/FreeRTOS/Source/portable/GCC/ARM_CM4F/port.o
                0x0800c050                SVC_Handler
 .text.prvPortStartFirstTask
                0x0800c078       0x28 ./Middlewares/Third_Party/FreeRTOS/Source/portable/GCC/ARM_CM4F/port.o
 .text.xPortStartScheduler
                0x0800c0a0      0x148 ./Middlewares/Third_Party/FreeRTOS/Source/portable/GCC/ARM_CM4F/port.o
                0x0800c0a0                xPortStartScheduler
 .text.vPortEnterCritical
                0x0800c1e8       0x64 ./Middlewares/Third_Party/FreeRTOS/Source/portable/GCC/ARM_CM4F/port.o
                0x0800c1e8                vPortEnterCritical
 .text.vPortExitCritical
                0x0800c24c       0x54 ./Middlewares/Third_Party/FreeRTOS/Source/portable/GCC/ARM_CM4F/port.o
                0x0800c24c                vPortExitCritical
 .text.PendSV_Handler
                0x0800c2a0       0x68 ./Middlewares/Third_Party/FreeRTOS/Source/portable/GCC/ARM_CM4F/port.o
                0x0800c2a0                PendSV_Handler
 .text.xPortSysTickHandler
                0x0800c308       0x44 ./Middlewares/Third_Party/FreeRTOS/Source/portable/GCC/ARM_CM4F/port.o
                0x0800c308                xPortSysTickHandler
 .text.vPortSetupTimerInterrupt
                0x0800c34c       0x48 ./Middlewares/Third_Party/FreeRTOS/Source/portable/GCC/ARM_CM4F/port.o
                0x0800c34c                vPortSetupTimerInterrupt
 .text.vPortEnableVFP
                0x0800c394       0x14 ./Middlewares/Third_Party/FreeRTOS/Source/portable/GCC/ARM_CM4F/port.o
 .text.vPortValidateInterruptPriority
                0x0800c3a8       0x84 ./Middlewares/Third_Party/FreeRTOS/Source/portable/GCC/ARM_CM4F/port.o
                0x0800c3a8                vPortValidateInterruptPriority
 .text.pvPortMalloc
                0x0800c42c      0x19c ./Middlewares/Third_Party/FreeRTOS/Source/portable/MemMang/heap_4.o
                0x0800c42c                pvPortMalloc
 .text.vPortFree
                0x0800c5c8       0xc8 ./Middlewares/Third_Party/FreeRTOS/Source/portable/MemMang/heap_4.o
                0x0800c5c8                vPortFree
 .text.prvHeapInit
                0x0800c690       0xc4 ./Middlewares/Third_Party/FreeRTOS/Source/portable/MemMang/heap_4.o
 .text.prvInsertBlockIntoFreeList
                0x0800c754       0xb4 ./Middlewares/Third_Party/FreeRTOS/Source/portable/MemMang/heap_4.o
 .text.snprintf
                0x0800c808       0x6c D:/STM32CubeIDE_1.19.0/STM32CubeIDE/plugins/com.st.stm32cube.ide.mcu.externaltools.gnu-tools-for-stm32.13.3.rel1.win32_1.0.0.202411081344/tools/bin/../lib/gcc/arm-none-eabi/13.3.1/../../../../arm-none-eabi/lib/thumb/v7e-m+fp/hard\libc_nano.a(libc_a-snprintf.o)
                0x0800c808                sniprintf
                0x0800c808                snprintf
 .text.sscanf   0x0800c874       0x58 D:/STM32CubeIDE_1.19.0/STM32CubeIDE/plugins/com.st.stm32cube.ide.mcu.externaltools.gnu-tools-for-stm32.13.3.rel1.win32_1.0.0.202411081344/tools/bin/../lib/gcc/arm-none-eabi/13.3.1/../../../../arm-none-eabi/lib/thumb/v7e-m+fp/hard\libc_nano.a(libc_a-sscanf.o)
                0x0800c874                siscanf
                0x0800c874                sscanf
 .text.__seofread
                0x0800c8cc        0x4 D:/STM32CubeIDE_1.19.0/STM32CubeIDE/plugins/com.st.stm32cube.ide.mcu.externaltools.gnu-tools-for-stm32.13.3.rel1.win32_1.0.0.202411081344/tools/bin/../lib/gcc/arm-none-eabi/13.3.1/../../../../arm-none-eabi/lib/thumb/v7e-m+fp/hard\libc_nano.a(libc_a-stdio.o)
                0x0800c8cc                __seofread
 .text.memset   0x0800c8d0       0x10 D:/STM32CubeIDE_1.19.0/STM32CubeIDE/plugins/com.st.stm32cube.ide.mcu.externaltools.gnu-tools-for-stm32.13.3.rel1.win32_1.0.0.202411081344/tools/bin/../lib/gcc/arm-none-eabi/13.3.1/../../../../arm-none-eabi/lib/thumb/v7e-m+fp/hard\libc_nano.a(libc_a-memset.o)
                0x0800c8d0                memset
 .text.strncmp  0x0800c8e0       0x24 D:/STM32CubeIDE_1.19.0/STM32CubeIDE/plugins/com.st.stm32cube.ide.mcu.externaltools.gnu-tools-for-stm32.13.3.rel1.win32_1.0.0.202411081344/tools/bin/../lib/gcc/arm-none-eabi/13.3.1/../../../../arm-none-eabi/lib/thumb/v7e-m+fp/hard\libc_nano.a(libc_a-strncmp.o)
                0x0800c8e0                strncmp
 .text.strncpy  0x0800c904       0x26 D:/STM32CubeIDE_1.19.0/STM32CubeIDE/plugins/com.st.stm32cube.ide.mcu.externaltools.gnu-tools-for-stm32.13.3.rel1.win32_1.0.0.202411081344/tools/bin/../lib/gcc/arm-none-eabi/13.3.1/../../../../arm-none-eabi/lib/thumb/v7e-m+fp/hard\libc_nano.a(libc_a-strncpy.o)
                0x0800c904                strncpy
 .text.strrchr  0x0800c92a       0x2c D:/STM32CubeIDE_1.19.0/STM32CubeIDE/plugins/com.st.stm32cube.ide.mcu.externaltools.gnu-tools-for-stm32.13.3.rel1.win32_1.0.0.202411081344/tools/bin/../lib/gcc/arm-none-eabi/13.3.1/../../../../arm-none-eabi/lib/thumb/v7e-m+fp/hard\libc_nano.a(libc_a-strrchr.o)
                0x0800c92a                strrchr
 *fill*         0x0800c956        0x2 
 .text.__errno  0x0800c958        0xc D:/STM32CubeIDE_1.19.0/STM32CubeIDE/plugins/com.st.stm32cube.ide.mcu.externaltools.gnu-tools-for-stm32.13.3.rel1.win32_1.0.0.202411081344/tools/bin/../lib/gcc/arm-none-eabi/13.3.1/../../../../arm-none-eabi/lib/thumb/v7e-m+fp/hard\libc_nano.a(libc_a-errno.o)
                0x0800c958                __errno
 .text.__libc_init_array
                0x0800c964       0x48 D:/STM32CubeIDE_1.19.0/STM32CubeIDE/plugins/com.st.stm32cube.ide.mcu.externaltools.gnu-tools-for-stm32.13.3.rel1.win32_1.0.0.202411081344/tools/bin/../lib/gcc/arm-none-eabi/13.3.1/../../../../arm-none-eabi/lib/thumb/v7e-m+fp/hard\libc_nano.a(libc_a-init.o)
                0x0800c964                __libc_init_array
 .text.__retarget_lock_acquire_recursive
                0x0800c9ac        0x2 D:/STM32CubeIDE_1.19.0/STM32CubeIDE/plugins/com.st.stm32cube.ide.mcu.externaltools.gnu-tools-for-stm32.13.3.rel1.win32_1.0.0.202411081344/tools/bin/../lib/gcc/arm-none-eabi/13.3.1/../../../../arm-none-eabi/lib/thumb/v7e-m+fp/hard\libc_nano.a(libc_a-lock.o)
                0x0800c9ac                __retarget_lock_acquire_recursive
 .text.__retarget_lock_release_recursive
                0x0800c9ae        0x2 D:/STM32CubeIDE_1.19.0/STM32CubeIDE/plugins/com.st.stm32cube.ide.mcu.externaltools.gnu-tools-for-stm32.13.3.rel1.win32_1.0.0.202411081344/tools/bin/../lib/gcc/arm-none-eabi/13.3.1/../../../../arm-none-eabi/lib/thumb/v7e-m+fp/hard\libc_nano.a(libc_a-lock.o)
                0x0800c9ae                __retarget_lock_release_recursive
 .text.memcpy   0x0800c9b0       0x1c D:/STM32CubeIDE_1.19.0/STM32CubeIDE/plugins/com.st.stm32cube.ide.mcu.externaltools.gnu-tools-for-stm32.13.3.rel1.win32_1.0.0.202411081344/tools/bin/../lib/gcc/arm-none-eabi/13.3.1/../../../../arm-none-eabi/lib/thumb/v7e-m+fp/hard\libc_nano.a(libc_a-memcpy-stub.o)
                0x0800c9b0                memcpy
 .text._free_r  0x0800c9cc       0x94 D:/STM32CubeIDE_1.19.0/STM32CubeIDE/plugins/com.st.stm32cube.ide.mcu.externaltools.gnu-tools-for-stm32.13.3.rel1.win32_1.0.0.202411081344/tools/bin/../lib/gcc/arm-none-eabi/13.3.1/../../../../arm-none-eabi/lib/thumb/v7e-m+fp/hard\libc_nano.a(libc_a-freer.o)
                0x0800c9cc                _free_r
 .text.sbrk_aligned
                0x0800ca60       0x44 D:/STM32CubeIDE_1.19.0/STM32CubeIDE/plugins/com.st.stm32cube.ide.mcu.externaltools.gnu-tools-for-stm32.13.3.rel1.win32_1.0.0.202411081344/tools/bin/../lib/gcc/arm-none-eabi/13.3.1/../../../../arm-none-eabi/lib/thumb/v7e-m+fp/hard\libc_nano.a(libc_a-mallocr.o)
 .text._malloc_r
                0x0800caa4      0x100 D:/STM32CubeIDE_1.19.0/STM32CubeIDE/plugins/com.st.stm32cube.ide.mcu.externaltools.gnu-tools-for-stm32.13.3.rel1.win32_1.0.0.202411081344/tools/bin/../lib/gcc/arm-none-eabi/13.3.1/../../../../arm-none-eabi/lib/thumb/v7e-m+fp/hard\libc_nano.a(libc_a-mallocr.o)
                0x0800caa4                _malloc_r
 .text.__malloc_lock
                0x0800cba4        0xc D:/STM32CubeIDE_1.19.0/STM32CubeIDE/plugins/com.st.stm32cube.ide.mcu.externaltools.gnu-tools-for-stm32.13.3.rel1.win32_1.0.0.202411081344/tools/bin/../lib/gcc/arm-none-eabi/13.3.1/../../../../arm-none-eabi/lib/thumb/v7e-m+fp/hard\libc_nano.a(libc_a-mlock.o)
                0x0800cba4                __malloc_lock
 .text.__malloc_unlock
                0x0800cbb0        0xc D:/STM32CubeIDE_1.19.0/STM32CubeIDE/plugins/com.st.stm32cube.ide.mcu.externaltools.gnu-tools-for-stm32.13.3.rel1.win32_1.0.0.202411081344/tools/bin/../lib/gcc/arm-none-eabi/13.3.1/../../../../arm-none-eabi/lib/thumb/v7e-m+fp/hard\libc_nano.a(libc_a-mlock.o)
                0x0800cbb0                __malloc_unlock
 .text.__ssputs_r
                0x0800cbbc       0xb6 D:/STM32CubeIDE_1.19.0/STM32CubeIDE/plugins/com.st.stm32cube.ide.mcu.externaltools.gnu-tools-for-stm32.13.3.rel1.win32_1.0.0.202411081344/tools/bin/../lib/gcc/arm-none-eabi/13.3.1/../../../../arm-none-eabi/lib/thumb/v7e-m+fp/hard\libc_nano.a(libc_a-nano-svfprintf.o)
                0x0800cbbc                __ssputs_r
 *fill*         0x0800cc72        0x2 
 .text._svfprintf_r
                0x0800cc74      0x1f8 D:/STM32CubeIDE_1.19.0/STM32CubeIDE/plugins/com.st.stm32cube.ide.mcu.externaltools.gnu-tools-for-stm32.13.3.rel1.win32_1.0.0.202411081344/tools/bin/../lib/gcc/arm-none-eabi/13.3.1/../../../../arm-none-eabi/lib/thumb/v7e-m+fp/hard\libc_nano.a(libc_a-nano-svfprintf.o)
                0x0800cc74                _svfiprintf_r
                0x0800cc74                _svfprintf_r
 .text._sungetc_r
                0x0800ce6c       0x7a D:/STM32CubeIDE_1.19.0/STM32CubeIDE/plugins/com.st.stm32cube.ide.mcu.externaltools.gnu-tools-for-stm32.13.3.rel1.win32_1.0.0.202411081344/tools/bin/../lib/gcc/arm-none-eabi/13.3.1/../../../../arm-none-eabi/lib/thumb/v7e-m+fp/hard\libc_nano.a(libc_a-nano-svfscanf.o)
                0x0800ce6c                _sungetc_r
 .text.__ssrefill_r
                0x0800cee6       0x3a D:/STM32CubeIDE_1.19.0/STM32CubeIDE/plugins/com.st.stm32cube.ide.mcu.externaltools.gnu-tools-for-stm32.13.3.rel1.win32_1.0.0.202411081344/tools/bin/../lib/gcc/arm-none-eabi/13.3.1/../../../../arm-none-eabi/lib/thumb/v7e-m+fp/hard\libc_nano.a(libc_a-nano-svfscanf.o)
                0x0800cee6                __ssrefill_r
 .text.__ssvfscanf_r
                0x0800cf20      0x2ec D:/STM32CubeIDE_1.19.0/STM32CubeIDE/plugins/com.st.stm32cube.ide.mcu.externaltools.gnu-tools-for-stm32.13.3.rel1.win32_1.0.0.202411081344/tools/bin/../lib/gcc/arm-none-eabi/13.3.1/../../../../arm-none-eabi/lib/thumb/v7e-m+fp/hard\libc_nano.a(libc_a-nano-svfscanf.o)
                0x0800cf20                __ssvfiscanf_r
                0x0800cf20                __ssvfscanf_r
 .text._printf_common
                0x0800d20c       0xda D:/STM32CubeIDE_1.19.0/STM32CubeIDE/plugins/com.st.stm32cube.ide.mcu.externaltools.gnu-tools-for-stm32.13.3.rel1.win32_1.0.0.202411081344/tools/bin/../lib/gcc/arm-none-eabi/13.3.1/../../../../arm-none-eabi/lib/thumb/v7e-m+fp/hard\libc_nano.a(libc_a-nano-vfprintf_i.o)
                0x0800d20c                _printf_common
 *fill*         0x0800d2e6        0x2 
 .text._printf_i
                0x0800d2e8      0x23c D:/STM32CubeIDE_1.19.0/STM32CubeIDE/plugins/com.st.stm32cube.ide.mcu.externaltools.gnu-tools-for-stm32.13.3.rel1.win32_1.0.0.202411081344/tools/bin/../lib/gcc/arm-none-eabi/13.3.1/../../../../arm-none-eabi/lib/thumb/v7e-m+fp/hard\libc_nano.a(libc_a-nano-vfprintf_i.o)
                0x0800d2e8                _printf_i
 .text._scanf_chars
                0x0800d524       0xb4 D:/STM32CubeIDE_1.19.0/STM32CubeIDE/plugins/com.st.stm32cube.ide.mcu.externaltools.gnu-tools-for-stm32.13.3.rel1.win32_1.0.0.202411081344/tools/bin/../lib/gcc/arm-none-eabi/13.3.1/../../../../arm-none-eabi/lib/thumb/v7e-m+fp/hard\libc_nano.a(libc_a-nano-vfscanf_i.o)
                0x0800d524                _scanf_chars
 .text._scanf_i
                0x0800d5d8      0x1e8 D:/STM32CubeIDE_1.19.0/STM32CubeIDE/plugins/com.st.stm32cube.ide.mcu.externaltools.gnu-tools-for-stm32.13.3.rel1.win32_1.0.0.202411081344/tools/bin/../lib/gcc/arm-none-eabi/13.3.1/../../../../arm-none-eabi/lib/thumb/v7e-m+fp/hard\libc_nano.a(libc_a-nano-vfscanf_i.o)
                0x0800d5d8                _scanf_i
 .text.__sccl   0x0800d7c0       0x72 D:/STM32CubeIDE_1.19.0/STM32CubeIDE/plugins/com.st.stm32cube.ide.mcu.externaltools.gnu-tools-for-stm32.13.3.rel1.win32_1.0.0.202411081344/tools/bin/../lib/gcc/arm-none-eabi/13.3.1/../../../../arm-none-eabi/lib/thumb/v7e-m+fp/hard\libc_nano.a(libc_a-sccl.o)
                0x0800d7c0                __sccl
 .text.__submore
                0x0800d832       0x74 D:/STM32CubeIDE_1.19.0/STM32CubeIDE/plugins/com.st.stm32cube.ide.mcu.externaltools.gnu-tools-for-stm32.13.3.rel1.win32_1.0.0.202411081344/tools/bin/../lib/gcc/arm-none-eabi/13.3.1/../../../../arm-none-eabi/lib/thumb/v7e-m+fp/hard\libc_nano.a(libc_a-ungetc.o)
                0x0800d832                __submore
 .text.memmove  0x0800d8a6       0x34 D:/STM32CubeIDE_1.19.0/STM32CubeIDE/plugins/com.st.stm32cube.ide.mcu.externaltools.gnu-tools-for-stm32.13.3.rel1.win32_1.0.0.202411081344/tools/bin/../lib/gcc/arm-none-eabi/13.3.1/../../../../arm-none-eabi/lib/thumb/v7e-m+fp/hard\libc_nano.a(libc_a-memmove.o)
                0x0800d8a6                memmove
 .text.strchr   0x0800d8da       0x1a D:/STM32CubeIDE_1.19.0/STM32CubeIDE/plugins/com.st.stm32cube.ide.mcu.externaltools.gnu-tools-for-stm32.13.3.rel1.win32_1.0.0.202411081344/tools/bin/../lib/gcc/arm-none-eabi/13.3.1/../../../../arm-none-eabi/lib/thumb/v7e-m+fp/hard\libc_nano.a(libc_a-strchr.o)
                0x0800d8da                strchr
 .text._sbrk_r  0x0800d8f4       0x20 D:/STM32CubeIDE_1.19.0/STM32CubeIDE/plugins/com.st.stm32cube.ide.mcu.externaltools.gnu-tools-for-stm32.13.3.rel1.win32_1.0.0.202411081344/tools/bin/../lib/gcc/arm-none-eabi/13.3.1/../../../../arm-none-eabi/lib/thumb/v7e-m+fp/hard\libc_nano.a(libc_a-sbrkr.o)
                0x0800d8f4                _sbrk_r
 .text._realloc_r
                0x0800d914       0x5c D:/STM32CubeIDE_1.19.0/STM32CubeIDE/plugins/com.st.stm32cube.ide.mcu.externaltools.gnu-tools-for-stm32.13.3.rel1.win32_1.0.0.202411081344/tools/bin/../lib/gcc/arm-none-eabi/13.3.1/../../../../arm-none-eabi/lib/thumb/v7e-m+fp/hard\libc_nano.a(libc_a-reallocr.o)
                0x0800d914                _realloc_r
 .text._strtol_l.isra.0
                0x0800d970       0xf4 D:/STM32CubeIDE_1.19.0/STM32CubeIDE/plugins/com.st.stm32cube.ide.mcu.externaltools.gnu-tools-for-stm32.13.3.rel1.win32_1.0.0.202411081344/tools/bin/../lib/gcc/arm-none-eabi/13.3.1/../../../../arm-none-eabi/lib/thumb/v7e-m+fp/hard\libc_nano.a(libc_a-strtol.o)
 .text._strtol_r
                0x0800da64        0x4 D:/STM32CubeIDE_1.19.0/STM32CubeIDE/plugins/com.st.stm32cube.ide.mcu.externaltools.gnu-tools-for-stm32.13.3.rel1.win32_1.0.0.202411081344/tools/bin/../lib/gcc/arm-none-eabi/13.3.1/../../../../arm-none-eabi/lib/thumb/v7e-m+fp/hard\libc_nano.a(libc_a-strtol.o)
                0x0800da64                _strtol_r
 .text._strtoul_l.isra.0
                0x0800da68       0xdc D:/STM32CubeIDE_1.19.0/STM32CubeIDE/plugins/com.st.stm32cube.ide.mcu.externaltools.gnu-tools-for-stm32.13.3.rel1.win32_1.0.0.202411081344/tools/bin/../lib/gcc/arm-none-eabi/13.3.1/../../../../arm-none-eabi/lib/thumb/v7e-m+fp/hard\libc_nano.a(libc_a-strtoul.o)
 .text._strtoul_r
                0x0800db44        0x4 D:/STM32CubeIDE_1.19.0/STM32CubeIDE/plugins/com.st.stm32cube.ide.mcu.externaltools.gnu-tools-for-stm32.13.3.rel1.win32_1.0.0.202411081344/tools/bin/../lib/gcc/arm-none-eabi/13.3.1/../../../../arm-none-eabi/lib/thumb/v7e-m+fp/hard\libc_nano.a(libc_a-strtoul.o)
                0x0800db44                _strtoul_r
 .text._malloc_usable_size_r
                0x0800db48       0x10 D:/STM32CubeIDE_1.19.0/STM32CubeIDE/plugins/com.st.stm32cube.ide.mcu.externaltools.gnu-tools-for-stm32.13.3.rel1.win32_1.0.0.202411081344/tools/bin/../lib/gcc/arm-none-eabi/13.3.1/../../../../arm-none-eabi/lib/thumb/v7e-m+fp/hard\libc_nano.a(libc_a-msizer.o)
                0x0800db48                _malloc_usable_size_r
 *(.glue_7)
 .glue_7        0x0800db58        0x0 linker stubs
 *(.glue_7t)
 .glue_7t       0x0800db58        0x0 linker stubs
 *(.eh_frame)
 .eh_frame      0x0800db58        0x0 D:/STM32CubeIDE_1.19.0/STM32CubeIDE/plugins/com.st.stm32cube.ide.mcu.externaltools.gnu-tools-for-stm32.13.3.rel1.win32_1.0.0.202411081344/tools/bin/../lib/gcc/arm-none-eabi/13.3.1/thumb/v7e-m+fp/hard/crtbegin.o
 *(.init)
 .init          0x0800db58        0x4 D:/STM32CubeIDE_1.19.0/STM32CubeIDE/plugins/com.st.stm32cube.ide.mcu.externaltools.gnu-tools-for-stm32.13.3.rel1.win32_1.0.0.202411081344/tools/bin/../lib/gcc/arm-none-eabi/13.3.1/thumb/v7e-m+fp/hard/crti.o
                0x0800db58                _init
 .init          0x0800db5c        0x8 D:/STM32CubeIDE_1.19.0/STM32CubeIDE/plugins/com.st.stm32cube.ide.mcu.externaltools.gnu-tools-for-stm32.13.3.rel1.win32_1.0.0.202411081344/tools/bin/../lib/gcc/arm-none-eabi/13.3.1/thumb/v7e-m+fp/hard/crtn.o
 *(.fini)
 .fini          0x0800db64        0x4 D:/STM32CubeIDE_1.19.0/STM32CubeIDE/plugins/com.st.stm32cube.ide.mcu.externaltools.gnu-tools-for-stm32.13.3.rel1.win32_1.0.0.202411081344/tools/bin/../lib/gcc/arm-none-eabi/13.3.1/thumb/v7e-m+fp/hard/crti.o
                0x0800db64                _fini
 .fini          0x0800db68        0x8 D:/STM32CubeIDE_1.19.0/STM32CubeIDE/plugins/com.st.stm32cube.ide.mcu.externaltools.gnu-tools-for-stm32.13.3.rel1.win32_1.0.0.202411081344/tools/bin/../lib/gcc/arm-none-eabi/13.3.1/thumb/v7e-m+fp/hard/crtn.o
                0x0800db70                        . = ALIGN (0x4)
                0x0800db70                        _etext = .

.vfp11_veneer   0x0800db70        0x0
 .vfp11_veneer  0x0800db70        0x0 linker stubs

.v4_bx          0x0800db70        0x0
 .v4_bx         0x0800db70        0x0 linker stubs

.iplt           0x0800db70        0x0
 .iplt          0x0800db70        0x0 D:/STM32CubeIDE_1.19.0/STM32CubeIDE/plugins/com.st.stm32cube.ide.mcu.externaltools.gnu-tools-for-stm32.13.3.rel1.win32_1.0.0.202411081344/tools/bin/../lib/gcc/arm-none-eabi/13.3.1/thumb/v7e-m+fp/hard/crtbegin.o

.rodata         0x0800db70      0x6ac
                0x0800db70                        . = ALIGN (0x4)
 *(.rodata)
 .rodata        0x0800db70      0x2d2 ./Core/App/app_control/app_control.o
 *fill*         0x0800de42        0x2 
 .rodata        0x0800de44      0x1e1 ./Core/App/uart_protocol/uart_protocol.o
 *fill*         0x0800e025        0x3 
 .rodata        0x0800e028       0x18 ./Core/Src/main.o
 .rodata        0x0800e040        0x5 ./Middlewares/Third_Party/FreeRTOS/Source/tasks.o
 *fill*         0x0800e045        0x3 
 .rodata        0x0800e048        0xd ./Middlewares/Third_Party/FreeRTOS/Source/timers.o
 *fill*         0x0800e055        0x3 
 .rodata        0x0800e058        0xc D:/STM32CubeIDE_1.19.0/STM32CubeIDE/plugins/com.st.stm32cube.ide.mcu.externaltools.gnu-tools-for-stm32.13.3.rel1.win32_1.0.0.202411081344/tools/bin/../lib/gcc/arm-none-eabi/13.3.1/../../../../arm-none-eabi/lib/thumb/v7e-m+fp/hard\libc_nano.a(libc_a-nano-vfscanf_i.o)
 *(.rodata*)
 .rodata.defaultTask_attributes
                0x0800e064       0x24 ./Core/Src/main.o
                0x0800e064                defaultTask_attributes
 .rodata.controlTask_attributes
                0x0800e088       0x24 ./Core/Src/main.o
                0x0800e088                controlTask_attributes
 .rodata.AHBPrescTable
                0x0800e0ac       0x10 ./Core/Src/system_stm32f4xx.o
                0x0800e0ac                AHBPrescTable
 .rodata.APBPrescTable
                0x0800e0bc        0x8 ./Core/Src/system_stm32f4xx.o
                0x0800e0bc                APBPrescTable
 .rodata.flagBitshiftOffset.0
                0x0800e0c4        0x8 ./Drivers/STM32F4xx_HAL_Driver/Src/stm32f4xx_hal_dma.o
 .rodata._svfprintf_r.str1.1
                0x0800e0cc       0x4e D:/STM32CubeIDE_1.19.0/STM32CubeIDE/plugins/com.st.stm32cube.ide.mcu.externaltools.gnu-tools-for-stm32.13.3.rel1.win32_1.0.0.202411081344/tools/bin/../lib/gcc/arm-none-eabi/13.3.1/../../../../arm-none-eabi/lib/thumb/v7e-m+fp/hard\libc_nano.a(libc_a-nano-svfprintf.o)
                                 0x11 (size before relaxing)
 .rodata.__ssvfscanf_r.str1.1
                0x0800e11a        0x4 D:/STM32CubeIDE_1.19.0/STM32CubeIDE/plugins/com.st.stm32cube.ide.mcu.externaltools.gnu-tools-for-stm32.13.3.rel1.win32_1.0.0.202411081344/tools/bin/../lib/gcc/arm-none-eabi/13.3.1/../../../../arm-none-eabi/lib/thumb/v7e-m+fp/hard\libc_nano.a(libc_a-nano-svfscanf.o)
 .rodata._printf_i.str1.1
                0x0800e11a       0x22 D:/STM32CubeIDE_1.19.0/STM32CubeIDE/plugins/com.st.stm32cube.ide.mcu.externaltools.gnu-tools-for-stm32.13.3.rel1.win32_1.0.0.202411081344/tools/bin/../lib/gcc/arm-none-eabi/13.3.1/../../../../arm-none-eabi/lib/thumb/v7e-m+fp/hard\libc_nano.a(libc_a-nano-vfprintf_i.o)
 .rodata._scanf_i.str1.1
                0x0800e11a       0x12 D:/STM32CubeIDE_1.19.0/STM32CubeIDE/plugins/com.st.stm32cube.ide.mcu.externaltools.gnu-tools-for-stm32.13.3.rel1.win32_1.0.0.202411081344/tools/bin/../lib/gcc/arm-none-eabi/13.3.1/../../../../arm-none-eabi/lib/thumb/v7e-m+fp/hard\libc_nano.a(libc_a-nano-vfscanf_i.o)
 .rodata.str1.1
                0x0800e11a        0x9 D:/STM32CubeIDE_1.19.0/STM32CubeIDE/plugins/com.st.stm32cube.ide.mcu.externaltools.gnu-tools-for-stm32.13.3.rel1.win32_1.0.0.202411081344/tools/bin/../lib/gcc/arm-none-eabi/13.3.1/../../../../arm-none-eabi/lib/thumb/v7e-m+fp/hard\libc_nano.a(libc_a-nano-vfscanf_i.o)
 .rodata._ctype_
                0x0800e11a      0x101 D:/STM32CubeIDE_1.19.0/STM32CubeIDE/plugins/com.st.stm32cube.ide.mcu.externaltools.gnu-tools-for-stm32.13.3.rel1.win32_1.0.0.202411081344/tools/bin/../lib/gcc/arm-none-eabi/13.3.1/../../../../arm-none-eabi/lib/thumb/v7e-m+fp/hard\libc_nano.a(libc_a-ctype_.o)
                0x0800e11a                _ctype_
                0x0800e21c                        . = ALIGN (0x4)
 *fill*         0x0800e21b        0x1 

.ARM.extab      0x0800e21c        0x0
                0x0800e21c                        . = ALIGN (0x4)
 *(.ARM.extab* .gnu.linkonce.armextab.*)
                0x0800e21c                        . = ALIGN (0x4)

.ARM            0x0800e21c        0x8
                0x0800e21c                        . = ALIGN (0x4)
                0x0800e21c                        __exidx_start = .
 *(.ARM.exidx*)
 .ARM.exidx     0x0800e21c        0x8 D:/STM32CubeIDE_1.19.0/STM32CubeIDE/plugins/com.st.stm32cube.ide.mcu.externaltools.gnu-tools-for-stm32.13.3.rel1.win32_1.0.0.202411081344/tools/bin/../lib/gcc/arm-none-eabi/13.3.1/../../../../arm-none-eabi/lib/thumb/v7e-m+fp/hard\libc_nano.a(libc_a-strcmp.o)
 .ARM.exidx     0x0800e224        0x0 D:/STM32CubeIDE_1.19.0/STM32CubeIDE/plugins/com.st.stm32cube.ide.mcu.externaltools.gnu-tools-for-stm32.13.3.rel1.win32_1.0.0.202411081344/tools/bin/../lib/gcc/arm-none-eabi/13.3.1/../../../../arm-none-eabi/lib/thumb/v7e-m+fp/hard\libc_nano.a(libc_a-strlen.o)
                                  0x8 (size before relaxing)
 .ARM.exidx     0x0800e224        0x0 D:/STM32CubeIDE_1.19.0/STM32CubeIDE/plugins/com.st.stm32cube.ide.mcu.externaltools.gnu-tools-for-stm32.13.3.rel1.win32_1.0.0.202411081344/tools/bin/../lib/gcc/arm-none-eabi/13.3.1/../../../../arm-none-eabi/lib/thumb/v7e-m+fp/hard\libc_nano.a(libc_a-memchr.o)
                                  0x8 (size before relaxing)
 .ARM.exidx     0x0800e224        0x0 D:/STM32CubeIDE_1.19.0/STM32CubeIDE/plugins/com.st.stm32cube.ide.mcu.externaltools.gnu-tools-for-stm32.13.3.rel1.win32_1.0.0.202411081344/tools/bin/../lib/gcc/arm-none-eabi/13.3.1/thumb/v7e-m+fp/hard\libgcc.a(_udivmoddi4.o)
                                  0x8 (size before relaxing)
                0x0800e224                        __exidx_end = .
                0x0800e224                        . = ALIGN (0x4)

.preinit_array  0x0800e224        0x0
                0x0800e224                        . = ALIGN (0x4)
                0x0800e224                        PROVIDE (__preinit_array_start = .)
 *(.preinit_array*)
                0x0800e224                        PROVIDE (__preinit_array_end = .)
                0x0800e224                        . = ALIGN (0x4)

.init_array     0x0800e224        0x4
                0x0800e224                        . = ALIGN (0x4)
                0x0800e224                        PROVIDE (__init_array_start = .)
 *(SORT_BY_NAME(.init_array.*))
 *(.init_array*)
 .init_array    0x0800e224        0x4 D:/STM32CubeIDE_1.19.0/STM32CubeIDE/plugins/com.st.stm32cube.ide.mcu.externaltools.gnu-tools-for-stm32.13.3.rel1.win32_1.0.0.202411081344/tools/bin/../lib/gcc/arm-none-eabi/13.3.1/thumb/v7e-m+fp/hard/crtbegin.o
                0x0800e228                        PROVIDE (__init_array_end = .)
                0x0800e228                        . = ALIGN (0x4)

.fini_array     0x0800e228        0x4
                0x0800e228                        . = ALIGN (0x4)
                [!provide]                        PROVIDE (__fini_array_start = .)
 *(SORT_BY_NAME(.fini_array.*))
 *(.fini_array*)
 .fini_array    0x0800e228        0x4 D:/STM32CubeIDE_1.19.0/STM32CubeIDE/plugins/com.st.stm32cube.ide.mcu.externaltools.gnu-tools-for-stm32.13.3.rel1.win32_1.0.0.202411081344/tools/bin/../lib/gcc/arm-none-eabi/13.3.1/thumb/v7e-m+fp/hard/crtbegin.o
                [!provide]                        PROVIDE (__fini_array_end = .)
                0x0800e22c                        . = ALIGN (0x4)
                0x0800e22c                        _sidata = LOADADDR (.data)

.rel.dyn        0x0800e22c        0x0
 .rel.iplt      0x0800e22c        0x0 D:/STM32CubeIDE_1.19.0/STM32CubeIDE/plugins/com.st.stm32cube.ide.mcu.externaltools.gnu-tools-for-stm32.13.3.rel1.win32_1.0.0.202411081344/tools/bin/../lib/gcc/arm-none-eabi/13.3.1/thumb/v7e-m+fp/hard/crtbegin.o

.data           0x20000000       0x6c load address 0x0800e22c
                0x20000000                        . = ALIGN (0x4)
                0x20000000                        _sdata = .
 *(.data)
 *(.data*)
 .data.s_focusStepsPerTick
                0x20000000        0x4 ./Core/App/app_control/app_control.o
 .data.s_reportEndstopMinPending
                0x20000004        0x1 ./Core/App/app_control/app_control.o
 .data.s_reportEndstopXPending
                0x20000005        0x1 ./Core/App/app_control/app_control.o
 .data.s_reportEndstopYPending
                0x20000006        0x1 ./Core/App/app_control/app_control.o
 .data.s_reportHomePending
                0x20000007        0x1 ./Core/App/app_control/app_control.o
 .data.s_reportPosValidPending
                0x20000008        0x1 ./Core/App/app_control/app_control.o
 *fill*         0x20000009        0x3 
 .data.SystemCoreClock
                0x2000000c        0x4 ./Core/Src/system_stm32f4xx.o
                0x2000000c                SystemCoreClock
 .data.uwTickPrio
                0x20000010        0x4 ./Drivers/STM32F4xx_HAL_Driver/Src/stm32f4xx_hal.o
                0x20000010                uwTickPrio
 .data.uwTickFreq
                0x20000014        0x1 ./Drivers/STM32F4xx_HAL_Driver/Src/stm32f4xx_hal.o
                0x20000014                uwTickFreq
 *fill*         0x20000015        0x3 
 .data.uxCriticalNesting
                0x20000018        0x4 ./Middlewares/Third_Party/FreeRTOS/Source/portable/GCC/ARM_CM4F/port.o
 .data._impure_ptr
                0x2000001c        0x4 D:/STM32CubeIDE_1.19.0/STM32CubeIDE/plugins/com.st.stm32cube.ide.mcu.externaltools.gnu-tools-for-stm32.13.3.rel1.win32_1.0.0.202411081344/tools/bin/../lib/gcc/arm-none-eabi/13.3.1/../../../../arm-none-eabi/lib/thumb/v7e-m+fp/hard\libc_nano.a(libc_a-impure.o)
                0x2000001c                _impure_ptr
 .data._impure_data
                0x20000020       0x4c D:/STM32CubeIDE_1.19.0/STM32CubeIDE/plugins/com.st.stm32cube.ide.mcu.externaltools.gnu-tools-for-stm32.13.3.rel1.win32_1.0.0.202411081344/tools/bin/../lib/gcc/arm-none-eabi/13.3.1/../../../../arm-none-eabi/lib/thumb/v7e-m+fp/hard\libc_nano.a(libc_a-impure.o)
                0x20000020                _impure_data
 *(.RamFunc)
 *(.RamFunc*)
                0x2000006c                        . = ALIGN (0x4)
                0x2000006c                        _edata = .

.igot.plt       0x2000006c        0x0 load address 0x0800e298
 .igot.plt      0x2000006c        0x0 D:/STM32CubeIDE_1.19.0/STM32CubeIDE/plugins/com.st.stm32cube.ide.mcu.externaltools.gnu-tools-for-stm32.13.3.rel1.win32_1.0.0.202411081344/tools/bin/../lib/gcc/arm-none-eabi/13.3.1/thumb/v7e-m+fp/hard/crtbegin.o
                0x2000006c                        . = ALIGN (0x4)

.bss            0x2000006c     0x5a6c load address 0x0800e298
                0x2000006c                        _sbss = .
                0x2000006c                        __bss_start__ = _sbss
 *(.bss)
 .bss           0x2000006c       0x1c D:/STM32CubeIDE_1.19.0/STM32CubeIDE/plugins/com.st.stm32cube.ide.mcu.externaltools.gnu-tools-for-stm32.13.3.rel1.win32_1.0.0.202411081344/tools/bin/../lib/gcc/arm-none-eabi/13.3.1/thumb/v7e-m+fp/hard/crtbegin.o
 *(.bss*)
 .bss.s_huart   0x20000088        0x4 ./Core/App/app_control/app_control.o
 .bss.s_stepper
                0x2000008c       0x20 ./Core/App/app_control/app_control.o
 .bss.s_dcMotors
                0x200000ac       0x1c ./Core/App/app_control/app_control.o
 .bss.s_dcMotorsReady
                0x200000c8        0x1 ./Core/App/app_control/app_control.o
 .bss.s_rxByte  0x200000c9        0x1 ./Core/App/app_control/app_control.o
 *fill*         0x200000ca        0x2 
 .bss.s_rxLine  0x200000cc       0x50 ./Core/App/app_control/app_control.o
 .bss.s_rxLen   0x2000011c        0x4 ./Core/App/app_control/app_control.o
 .bss.s_rxQueue
                0x20000120      0x280 ./Core/App/app_control/app_control.o
 .bss.s_rxQueueHead
                0x200003a0        0x4 ./Core/App/app_control/app_control.o
 .bss.s_rxQueueTail
                0x200003a4        0x4 ./Core/App/app_control/app_control.o
 .bss.s_rxQueueCount
                0x200003a8        0x4 ./Core/App/app_control/app_control.o
 .bss.s_rxQueueOverflow
                0x200003ac        0x1 ./Core/App/app_control/app_control.o
 *fill*         0x200003ad        0x3 
 .bss.s_txQueue
                0x200003b0      0x900 ./Core/App/app_control/app_control.o
 .bss.s_txQueueHead
                0x20000cb0        0x4 ./Core/App/app_control/app_control.o
 .bss.s_txQueueTail
                0x20000cb4        0x4 ./Core/App/app_control/app_control.o
 .bss.s_txQueueCount
                0x20000cb8        0x4 ./Core/App/app_control/app_control.o
 .bss.s_txQueueOverflow
                0x20000cbc        0x1 ./Core/App/app_control/app_control.o
 .bss.s_txOverflowReportPending
                0x20000cbd        0x1 ./Core/App/app_control/app_control.o
 .bss.s_txBusy  0x20000cbe        0x1 ./Core/App/app_control/app_control.o
 *fill*         0x20000cbf        0x1 
 .bss.s_txActiveLine
                0x20000cc0       0x60 ./Core/App/app_control/app_control.o
 .bss.s_focusMoveInFlight
                0x20000d20        0x1 ./Core/App/app_control/app_control.o
 *fill*         0x20000d21        0x3 
 .bss.s_focusClickPos
                0x20000d24        0x4 ./Core/App/app_control/app_control.o
 .bss.s_focusPendingDelta
                0x20000d28        0x1 ./Core/App/app_control/app_control.o
 .bss.s_focusDoneReportDelta
                0x20000d29        0x1 ./Core/App/app_control/app_control.o
 .bss.s_encoderZeroOffset
                0x20000d2a        0x2 ./Core/App/app_control/app_control.o
 .bss.s_encoderTrackReady
                0x20000d2c        0x1 ./Core/App/app_control/app_control.o
 *fill*         0x20000d2d        0x1 
 .bss.s_encoderTrackLastRaw
                0x20000d2e        0x2 ./Core/App/app_control/app_control.o
 .bss.s_encoderTrackAccum
                0x20000d30        0x4 ./Core/App/app_control/app_control.o
 .bss.s_encoderZeroPos
                0x20000d34        0x4 ./Core/App/app_control/app_control.o
 .bss.s_encoderPollLastMs
                0x20000d38        0x4 ./Core/App/app_control/app_control.o
 .bss.s_encoderPollBackoffUntilMs
                0x20000d3c        0x4 ./Core/App/app_control/app_control.o
 .bss.s_homeState
                0x20000d40        0x1 ./Core/App/app_control/app_control.o
 .bss.s_homingPhase
                0x20000d41        0x1 ./Core/App/app_control/app_control.o
 .bss.s_gotoInFlight
                0x20000d42        0x1 ./Core/App/app_control/app_control.o
 *fill*         0x20000d43        0x1 
 .bss.s_gotoTargetPos
                0x20000d44        0x4 ./Core/App/app_control/app_control.o
 .bss.s_gotoDirectionIn
                0x20000d48        0x1 ./Core/App/app_control/app_control.o
 *fill*         0x20000d49        0x3 
 .bss.s_gotoDeadlineMs
                0x20000d4c        0x4 ./Core/App/app_control/app_control.o
 .bss.s_endstopMinTriggered
                0x20000d50        0x1 ./Core/App/app_control/app_control.o
 .bss.s_endstopXMinTriggered
                0x20000d51        0x1 ./Core/App/app_control/app_control.o
 .bss.s_endstopYMinTriggered
                0x20000d52        0x1 ./Core/App/app_control/app_control.o
 .bss.s_xHomed  0x20000d53        0x1 ./Core/App/app_control/app_control.o
 .bss.s_xMaxValid
                0x20000d54        0x1 ./Core/App/app_control/app_control.o
 *fill*         0x20000d55        0x3 
 .bss.s_xZeroOffset
                0x20000d58        0x4 ./Core/App/app_control/app_control.o
 .bss.s_xMax    0x20000d5c        0x4 ./Core/App/app_control/app_control.o
 .bss.s_yEncLastRaw
                0x20000d60        0x2 ./Core/App/app_control/app_control.o
 .bss.s_yEncTrackReady
                0x20000d62        0x1 ./Core/App/app_control/app_control.o
 *fill*         0x20000d63        0x1 
 .bss.s_yEncTotal
                0x20000d64        0x4 ./Core/App/app_control/app_control.o
 .bss.s_chainXToYHoming
                0x20000d68        0x1 ./Core/App/app_control/app_control.o
 .bss.s_posValid
                0x20000d69        0x1 ./Core/App/app_control/app_control.o
 *fill*         0x20000d6a        0x2 
 .bss.s_homingDeadlineMs
                0x20000d6c        0x4 ./Core/App/app_control/app_control.o
 .bss.s_homingSettleUntilMs
                0x20000d70        0x4 ./Core/App/app_control/app_control.o
 .bss.s_xHomingDeadlineMs
                0x20000d74        0x4 ./Core/App/app_control/app_control.o
 .bss.s_yHomingDeadlineMs
                0x20000d78        0x4 ./Core/App/app_control/app_control.o
 .bss.s_pingCounterMs
                0x20000d7c        0x4 ./Core/App/app_control/app_control.o
 .bss.s_as5600  0x20000d80       0x1c ./Core/App/app_control/app_control.o
 .bss.s_hi2c    0x20000d9c        0x4 ./Core/App/app_control/app_control.o
 .bss.s_xyKickUntilMs
                0x20000da0        0x8 ./Core/App/app_control/app_control.o
 .bss.s_xyTargetDuty
                0x20000da8        0x8 ./Core/App/app_control/app_control.o
 .bss.s_xyTargetDir
                0x20000db0        0x2 ./Core/App/app_control/app_control.o
 *fill*         0x20000db2        0x2 
 .bss.s_xyMoveStartedMs
                0x20000db4        0x8 ./Core/App/app_control/app_control.o
 .bss.s_xyStopAfterMs
                0x20000dbc        0x8 ./Core/App/app_control/app_control.o
 .bss.s_xyStopPending
                0x20000dc4        0x2 ./Core/App/app_control/app_control.o
 *fill*         0x20000dc6        0x2 
 .bss.s_controlTaskHandle
                0x20000dc8        0x4 ./Core/App/app_control/app_control.o
 .bss.hi2c2     0x20000dcc       0x54 ./Core/Src/main.o
                0x20000dcc                hi2c2
 .bss.htim1     0x20000e20       0x48 ./Core/Src/main.o
                0x20000e20                htim1
 .bss.htim2     0x20000e68       0x48 ./Core/Src/main.o
                0x20000e68                htim2
 .bss.htim3     0x20000eb0       0x48 ./Core/Src/main.o
                0x20000eb0                htim3
 .bss.htim4     0x20000ef8       0x48 ./Core/Src/main.o
                0x20000ef8                htim4
 .bss.htim5     0x20000f40       0x48 ./Core/Src/main.o
                0x20000f40                htim5
 .bss.huart2    0x20000f88       0x48 ./Core/Src/main.o
                0x20000f88                huart2
 .bss.hdma_usart2_tx
                0x20000fd0       0x60 ./Core/Src/main.o
                0x20000fd0                hdma_usart2_tx
 .bss.defaultTaskHandle
                0x20001030        0x4 ./Core/Src/main.o
                0x20001030                defaultTaskHandle
 .bss.controlTaskHandle
                0x20001034        0x4 ./Core/Src/main.o
                0x20001034                controlTaskHandle
 .bss.__sbrk_heap_end
                0x20001038        0x4 ./Core/Src/sysmem.o
 .bss.uwTick    0x2000103c        0x4 ./Drivers/STM32F4xx_HAL_Driver/Src/stm32f4xx_hal.o
                0x2000103c                uwTick
 .bss.KernelState
                0x20001040        0x4 ./Middlewares/Third_Party/FreeRTOS/Source/CMSIS_RTOS_V2/cmsis_os2.o
 .bss.Idle_TCB.3
                0x20001044       0x5c ./Middlewares/Third_Party/FreeRTOS/Source/CMSIS_RTOS_V2/cmsis_os2.o
 .bss.Idle_Stack.2
                0x200010a0      0x200 ./Middlewares/Third_Party/FreeRTOS/Source/CMSIS_RTOS_V2/cmsis_os2.o
 .bss.Timer_TCB.1
                0x200012a0       0x5c ./Middlewares/Third_Party/FreeRTOS/Source/CMSIS_RTOS_V2/cmsis_os2.o
 .bss.Timer_Stack.0
                0x200012fc      0x400 ./Middlewares/Third_Party/FreeRTOS/Source/CMSIS_RTOS_V2/cmsis_os2.o
 .bss.xQueueRegistry
                0x200016fc       0x40 ./Middlewares/Third_Party/FreeRTOS/Source/queue.o
                0x200016fc                xQueueRegistry
 .bss.pxCurrentTCB
                0x2000173c        0x4 ./Middlewares/Third_Party/FreeRTOS/Source/tasks.o
                0x2000173c                pxCurrentTCB
 .bss.pxReadyTasksLists
                0x20001740      0x460 ./Middlewares/Third_Party/FreeRTOS/Source/tasks.o
 .bss.xDelayedTaskList1
                0x20001ba0       0x14 ./Middlewares/Third_Party/FreeRTOS/Source/tasks.o
 .bss.xDelayedTaskList2
                0x20001bb4       0x14 ./Middlewares/Third_Party/FreeRTOS/Source/tasks.o
 .bss.pxDelayedTaskList
                0x20001bc8        0x4 ./Middlewares/Third_Party/FreeRTOS/Source/tasks.o
 .bss.pxOverflowDelayedTaskList
                0x20001bcc        0x4 ./Middlewares/Third_Party/FreeRTOS/Source/tasks.o
 .bss.xPendingReadyList
                0x20001bd0       0x14 ./Middlewares/Third_Party/FreeRTOS/Source/tasks.o
 .bss.xTasksWaitingTermination
                0x20001be4       0x14 ./Middlewares/Third_Party/FreeRTOS/Source/tasks.o
 .bss.uxDeletedTasksWaitingCleanUp
                0x20001bf8        0x4 ./Middlewares/Third_Party/FreeRTOS/Source/tasks.o
 .bss.xSuspendedTaskList
                0x20001bfc       0x14 ./Middlewares/Third_Party/FreeRTOS/Source/tasks.o
 .bss.uxCurrentNumberOfTasks
                0x20001c10        0x4 ./Middlewares/Third_Party/FreeRTOS/Source/tasks.o
 .bss.xTickCount
                0x20001c14        0x4 ./Middlewares/Third_Party/FreeRTOS/Source/tasks.o
 .bss.uxTopReadyPriority
                0x20001c18        0x4 ./Middlewares/Third_Party/FreeRTOS/Source/tasks.o
 .bss.xSchedulerRunning
                0x20001c1c        0x4 ./Middlewares/Third_Party/FreeRTOS/Source/tasks.o
 .bss.xPendedTicks