../Core/App/app_control/app_control.c:262:13:encoder_i2c_bus_recover	40	static
../Core/App/app_control/app_control.c:302:13:flush_focus_done_report	16	static,ignoring_inline_asm
../Core/App/app_control/app_control.c:317:17:compute_focus_steps_per_small_tick	72	static
../Core/App/app_control/app_control.c:344:13:focus_dir_for_command	24	static
../Core/App/app_control/app_control.c:352:6:AppControl_SetControlTaskHandle	16	static
../Core/App/app_control/app_control.c:356:13:notify_control_task_from_isr	16	static,ignoring_inline_asm
../Core/App/app_control/app_control.c:364:13:dequeue_line	24	static,ignoring_inline_asm
../Core/App/app_control/app_control.c:380:13:queue_line_from_isr	16	static
../Core/App/app_control/app_control.c:396:13:tx_pop_line_unlocked	16	static
../Core/App/app_control/app_control.c:408:13:tx_start_dma_line	24	static
../Core/App/app_control/app_control.c:421:13:tx_kick_from_task	16	static,ignoring_inline_asm
../Core/App/app_control/app_control.c:444:13:uart_send_line	24	static,ignoring_inline_asm
../Core/App/app_control/app_control.c:478:13:ack_command	64	static
../Core/App/app_control/app_control.c:484:13:err_message	80	static
../Core/App/app_control/app_control.c:490:20:encoder_status_name	16	static
../Core/App/app_control/app_control.c:505:13:err_encoder_message	88	static
../Core/App/app_control/app_control.c:511:13:motor_start_message	80	static
../Core/App/app_control/app_control.c:517:20:home_state_wire_name	16	static
../Core/App/app_control/app_control.c:530:13:read_endstop_min_triggered	16	static
../Core/App/app_control/app_control.c:535:13:read_endstop_x_min_triggered	16	static
../Core/App/app_control/app_control.c:544:13:read_endstop_y_min_triggered	16	static
../Core/App/app_control/app_control.c:553:13:send_endstop_message	88	static
../Core/App/app_control/app_control.c:559:13:send_home_state_message	64	static
../Core/App/app_control/app_control.c:565:13:send_pos_valid_message	48	static
../Core/App/app_control/app_control.c:571:13:set_home_state	24	static,ignoring_inline_asm
../Core/App/app_control/app_control.c:585:13:set_pos_valid	24	static,ignoring_inline_asm
../Core/App/app_control/app_control.c:599:13:sample_endstop_min	24	static,ignoring_inline_asm
../Core/App/app_control/app_control.c:614:13:sample_endstop_xy	24	static,ignoring_inline_asm
../Core/App/app_control/app_control.c:649:13:flush_homing_reports	24	static,ignoring_inline_asm
../Core/App/app_control/app_control.c:700:13:millis_elapsed	16	static
../Core/App/app_control/app_control.c:704:13:fail_homing	16	static
../Core/App/app_control/app_control.c:714:13:begin_auto_homing	8	static
../Core/App/app_control/app_control.c:757:13:complete_homing_ready	8	static,ignoring_inline_asm
../Core/App/app_control/app_control.c:778:13:homing_phase_is_focus_only	16	static
../Core/App/app_control/app_control.c:784:13:homing_phase_is_y_active	16	static
../Core/App/app_control/app_control.c:788:17:pwm_duty_from_percent	24	static
../Core/App/app_control/app_control.c:802:13:y_homing_drive	16	static
../Core/App/app_control/app_control.c:809:13:y_homing_stop	8	static
../Core/App/app_control/app_control.c:816:13:complete_x_homing_success	8	static,ignoring_inline_asm
../Core/App/app_control/app_control.c:844:15:x_dir_left	16	static
../Core/App/app_control/app_control.c:852:15:x_dir_right	16	static
../Core/App/app_control/app_control.c:860:15:y_dir_up	16	static
../Core/App/app_control/app_control.c:868:15:y_dir_down	8	static
../Core/App/app_control/app_control.c:872:13:get_x_pos_snapshot	32	static,ignoring_inline_asm
../Core/App/app_control/app_control.c:909:13:begin_x_homing	16	static
../Core/App/app_control/app_control.c:939:13:complete_y_homing_success	8	static,ignoring_inline_asm
../Core/App/app_control/app_control.c:957:13:begin_y_homing	8	static
../Core/App/app_control/app_control.c:986:13:process_auto_homing_task	80	static
../Core/App/app_control/app_control.c:1070:16:get_focus_click_pos_snapshot	16	static,ignoring_inline_asm
../Core/App/app_control/app_control.c:1078:13:send_focus_position_message	88	static
../Core/App/app_control/app_control.c:1085:17:get_encoder_zero_offset_snapshot	16	static,ignoring_inline_asm
../Core/App/app_control/app_control.c:1093:16:update_encoder_tracking	24	static,ignoring_inline_asm
../Core/App/app_control/app_control.c:1119:16:get_encoder_zero_pos_snapshot	16	static,ignoring_inline_asm
../Core/App/app_control/app_control.c:1127:13:get_encoder_pos_snapshot	32	static,ignoring_inline_asm
../Core/App/app_control/app_control.c:1162:21:read_encoder_raw_corrected	24	static
../Core/App/app_control/app_control.c:1181:21:read_encoder_raw_normalized	24	static
../Core/App/app_control/app_control.c:1202:13:poll_encoder_tracking_from_task	16	static
../Core/App/app_control/app_control.c:1222:21:set_encoder_zero_from_current	24	static,ignoring_inline_asm
../Core/App/app_control/app_control.c:1239:17:encoder_percent_from_pos	24	static
../Core/App/app_control/app_control.c:1255:13:send_encoder_pos_message	80	static
../Core/App/app_control/app_control.c:1280:17:xy_default_duty	16	static
../Core/App/app_control/app_control.c:1301:17:xy_apply_axis_scale	16	static
../Core/App/app_control/app_control.c:1308:17:xy_axis_min_duty	24	static
../Core/App/app_control/app_control.c:1317:17:xy_parse_duty	40	static
../Core/App/app_control/app_control.c:1358:13:xy_stop_axis	24	static
../Core/App/app_control/app_control.c:1377:13:process_xy_kick	24	static
../Core/App/app_control/app_control.c:1397:13:process_xy_stop_pending	16	static
../Core/App/app_control/app_control.c:1417:13:update_y_encoder_tracking	16	static,ignoring_inline_asm
../Core/App/app_control/app_control.c:1436:16:get_y_enc_total_snapshot	16	static,ignoring_inline_asm
../Core/App/app_control/app_control.c:1444:13:send_xy_position_message	88	static
../Core/App/app_control/app_control.c:1455:13:send_encoder_raw_message	80	static
../Core/App/app_control/app_control.c:1469:13:start_focus_move	16	static
../Core/App/app_control/app_control.c:1492:13:process_goto_task	16	static
../Core/App/app_control/app_control.c:1534:13:execute_command	112	static,ignoring_inline_asm
../Core/App/app_control/app_control.c:1950:13:process_line	24	static
../Core/App/app_control/app_control.c:1962:6:AppControl_Init	40	static
../Core/App/app_control/app_control.c:2046:6:AppControl_Start	8	static
../Core/App/app_control/app_control.c:2068:13:process_xy_endstop_guard	32	static,ignoring_inline_asm
../Core/App/app_control/app_control.c:2132:6:AppControl_Task	96	static,ignoring_inline_asm
../Core/App/app_control/app_control.c:2176:6:AppControl_Task1ms	8	static
../Core/App/app_control/app_control.c:2186:6:AppControl_OnTimerTickISR	16	static
../Core/App/app_control/app_control.c:2208:6:AppControl_OnRxCpltISR	16	static
../Core/App/app_control/app_control.c:2233:6:AppControl_OnTxCpltISR	16	static
../Core/App/app_control/app_control.c:2249:6:AppControl_OnEndstopEdgeISR	24	static
