../Core/Src/main.c:100:5:main	8	static
../Core/Src/main.c:191:6:SystemClock_Config	88	static
../Core/Src/main.c:237:13:MX_I2C2_Init	8	static
../Core/Src/main.c:271:13:MX_TIM1_Init	56	static
../Core/Src/main.c:321:13:MX_TIM2_Init	56	static
../Core/Src/main.c:370:13:MX_TIM3_Init	48	static
../Core/Src/main.c:423:13:MX_TIM4_Init	56	static
../Core/Src/main.c:472:13:MX_TIM5_Init	32	static
../Core/Src/main.c:517:13:MX_USART2_UART_Init	8	static
../Core/Src/main.c:548:13:MX_DMA_Init	16	static
../Core/Src/main.c:566:13:MX_GPIO_Init	40	static
../Core/Src/main.c:626:6:HAL_TIM_PeriodElapsedCallback	16	static
../Core/Src/main.c:633:6:HAL_UART_RxCpltCallback	16	static
../Core/Src/main.c:640:6:HAL_UART_TxCpltCallback	16	static
../Core/Src/main.c:647:6:HAL_GPIO_EXTI_Callback	16	static
../Core/Src/main.c:660:13:StartDefaultTask	16	static
../Core/Src/main.c:675:6:Error_Handler	4	static,ignoring_inline_asm
