2026-03-31 23:44:54,669 [INFO] Activator:176 - 


2026-03-31 23:44:54,674 [INFO] Activator:177 - !SESSION log4j initialized
2026-03-31 23:44:59,993 [INFO] LogOutputStream:77 - [STDOUT_REDIRECT] 
2026-03-31 23:45:02,682 [INFO] ApplicationProperties:184 - Using Application install path: D:\STM32CubeIDE_1.19.0\STM32CubeIDE\plugins\com.st.stm32cube.common.mx_6.15.0.202507011659
2026-03-31 23:45:02,714 [INFO] DbMcusXml:78 - Set database path to: D:\STM32CubeIDE_1.19.0\STM32CubeIDE\plugins\com.st.stm32cube.common.mx_6.15.0.202507011659\\db\/mcu/
2026-03-31 23:45:02,714 [INFO] ApiDb:274 - Set plugin database path to: D:\STM32CubeIDE_1.19.0\STM32CubeIDE\plugins\com.st.stm32cube.common.mx_6.15.0.202507011659\\db\/plugins/boardmanager/
2026-03-31 23:45:02,715 [WARN] ApiDb:259 - Overriding images path with different value:  => D:\STM32CubeIDE_1.19.0\STM32CubeIDE\plugins\com.st.stm32cube.common.mx_6.15.0.202507011659\\db\/plugins/mcufinder/images/
2026-03-31 23:45:02,728 [INFO] ApiDb:250 - Set database path to: C:\Users\User\.stmcufinder\plugins\mcufinder//mcu/
2026-03-31 23:45:02,730 [INFO] DbMcusAds:125 - Set database path to: C:\Users\User\.stmcufinder\plugins\mcufinder//mcu/
2026-03-31 23:45:02,736 [INFO] CrossReferenceDbSqlite:203 - Set database path to: C:\Users\User\.stmcufinder\plugins\mcufinder//mcu/cs/
2026-03-31 23:45:02,897 [INFO] RulesReader:64 - Compatibility file has been processed (317 Rules)
2026-03-31 23:45:03,039 [INFO] DbMcusXml:78 - Set database path to: D:\STM32CubeIDE_1.19.0\STM32CubeIDE\plugins\com.st.stm32cube.common.mx_6.15.0.202507011659\\db\/mcu/
2026-03-31 23:45:03,039 [INFO] ApiDb:274 - Set plugin database path to: D:\STM32CubeIDE_1.19.0\STM32CubeIDE\plugins\com.st.stm32cube.common.mx_6.15.0.202507011659\\db\/plugins/boardmanager/
2026-03-31 23:45:03,039 [INFO] ApiDb:261 - Set plugin images path to: D:\STM32CubeIDE_1.19.0\STM32CubeIDE\plugins\com.st.stm32cube.common.mx_6.15.0.202507011659\\db\/plugins/mcufinder/images/
2026-03-31 23:45:03,040 [WARN] DbFile:41 - Overriding database path with different value: C:\Users\User\.stmcufinder\plugins\mcufinder/ => C:\Users\User\.stmcufinder\plugins\mcufinder
2026-03-31 23:45:03,040 [INFO] ApiDb:250 - Set database path to: C:\Users\User\.stmcufinder\plugins\mcufinder//mcu/
2026-03-31 23:45:03,040 [WARN] DbFile:41 - Overriding database path with different value: C:\Users\User\.stmcufinder\plugins\mcufinder/ => C:\Users\User\.stmcufinder\plugins\mcufinder
2026-03-31 23:45:03,040 [INFO] DbMcusAds:125 - Set database path to: C:\Users\User\.stmcufinder\plugins\mcufinder//mcu/
2026-03-31 23:45:03,040 [WARN] DbFile:41 - Overriding database path with different value: C:\Users\User\.stmcufinder\plugins\mcufinder/ => C:\Users\User\.stmcufinder\plugins\mcufinder
2026-03-31 23:45:03,040 [WARN] DbFile:41 - Overriding database path with different value: C:\Users\User\.stmcufinder\plugins\mcufinder/ => C:\Users\User\.stmcufinder\plugins\mcufinder
2026-03-31 23:45:03,040 [INFO] CrossReferenceDbSqlite:203 - Set database path to: C:\Users\User\.stmcufinder\plugins\mcufinder//mcu/cs/
2026-03-31 23:45:03,193 [INFO] MainPanel:274 - HeapMemory: 268435456
2026-03-31 23:45:03,378 [INFO] DbMcusXml:78 - Set database path to: D:\STM32CubeIDE_1.19.0\STM32CubeIDE\plugins\com.st.stm32cube.common.mx_6.15.0.202507011659\\db\/mcu/
2026-03-31 23:45:03,379 [INFO] ApiDb:274 - Set plugin database path to: D:\STM32CubeIDE_1.19.0\STM32CubeIDE\plugins\com.st.stm32cube.common.mx_6.15.0.202507011659\\db\/plugins/boardmanager/
2026-03-31 23:45:03,379 [INFO] ApiDb:261 - Set plugin images path to: D:\STM32CubeIDE_1.19.0\STM32CubeIDE\plugins\com.st.stm32cube.common.mx_6.15.0.202507011659\\db\/plugins/mcufinder/images/
2026-03-31 23:45:03,379 [WARN] DbFile:41 - Overriding database path with different value: C:\Users\User\.stmcufinder\plugins\mcufinder/ => C:\Users\User\.stmcufinder\plugins\mcufinder
2026-03-31 23:45:03,380 [INFO] ApiDb:250 - Set database path to: C:\Users\User\.stmcufinder\plugins\mcufinder//mcu/
2026-03-31 23:45:03,380 [WARN] DbFile:41 - Overriding database path with different value: C:\Users\User\.stmcufinder\plugins\mcufinder/ => C:\Users\User\.stmcufinder\plugins\mcufinder
2026-03-31 23:45:03,380 [INFO] DbMcusAds:125 - Set database path to: C:\Users\User\.stmcufinder\plugins\mcufinder//mcu/
2026-03-31 23:45:03,380 [WARN] DbFile:41 - Overriding database path with different value: C:\Users\User\.stmcufinder\plugins\mcufinder/ => C:\Users\User\.stmcufinder\plugins\mcufinder
2026-03-31 23:45:03,380 [WARN] DbFile:41 - Overriding database path with different value: C:\Users\User\.stmcufinder\plugins\mcufinder/ => C:\Users\User\.stmcufinder\plugins\mcufinder
2026-03-31 23:45:03,380 [INFO] CrossReferenceDbSqlite:203 - Set database path to: C:\Users\User\.stmcufinder\plugins\mcufinder//mcu/cs/
2026-03-31 23:45:03,414 [INFO] ApplicationProperties:184 - Using Application install path: D:\STM32CubeIDE_1.19.0\STM32CubeIDE\plugins\com.st.stm32cube.common.mx_6.15.0.202507011659
2026-03-31 23:45:03,416 [INFO] PluginManage:196 - Search for loadable plugins [exclusion list=, ]
2026-03-31 23:45:03,419 [INFO] PluginManage:310 - Check plugin analytics
2026-03-31 23:45:03,729 [INFO] AnalyticsPlugin:253 - Accepted Software Licenses: 
2026-03-31 23:45:03,729 [INFO] AnalyticsPlugin:255 - Accepted CMSIS Pack Licenses: 
2026-03-31 23:45:03,730 [INFO] AnalyticsPlugin:257 - Accepted Firmware Licenses: FW.F4.1.28.0
2026-03-31 23:45:03,735 [INFO] PluginManage:359 - Loaded plugin analytics (category:tool,tabindex:-1)
2026-03-31 23:45:03,735 [INFO] PluginManage:310 - Check plugin cadmodel
2026-03-31 23:45:03,747 [INFO] CADModel:105 - Init CAD model plugin
2026-03-31 23:45:03,747 [INFO] PluginManage:359 - Loaded plugin cadmodel (category:power,tabindex:5)
2026-03-31 23:45:03,748 [INFO] PluginManage:310 - Check plugin clock
2026-03-31 23:45:03,763 [INFO] PluginManage:359 - Loaded plugin clock (category:base,tabindex:2)
2026-03-31 23:45:03,763 [INFO] PluginManage:310 - Check plugin ddr
2026-03-31 23:45:03,768 [INFO] PluginManage:359 - Loaded plugin ddr (category:tool,tabindex:6)
2026-03-31 23:45:03,768 [INFO] PluginManage:310 - Check plugin filemanager
2026-03-31 23:45:04,032 [INFO] PluginManage:359 - Loaded plugin filemanager (category:base,tabindex:10)
2026-03-31 23:45:04,033 [INFO] PluginManage:310 - Check plugin ipmanager
2026-03-31 23:45:04,049 [INFO] PluginManage:359 - Loaded plugin ipmanager (category:base,tabindex:5)
2026-03-31 23:45:04,049 [INFO] PluginManage:310 - Check plugin lpbam
2026-03-31 23:45:04,066 [INFO] PluginManage:359 - Loaded plugin lpbam (category:base,tabindex:0)
2026-03-31 23:45:04,066 [INFO] PluginManage:310 - Check plugin memorymap
2026-03-31 23:45:04,092 [INFO] PluginManage:359 - Loaded plugin memorymap (category:base,tabindex:4)
2026-03-31 23:45:04,093 [INFO] PluginManage:310 - Check plugin pinoutandconfiguration
2026-03-31 23:45:04,106 [INFO] PluginManage:359 - Loaded plugin pinoutandconfiguration (category:base,tabindex:1)
2026-03-31 23:45:04,107 [INFO] PluginManage:310 - Check plugin pinoutconfig
2026-03-31 23:45:04,206 [WARN] SupportedApi:132 - Cannot load RTOS API schema: s4s-elt-must-match.1: The content of 'definitions' must match (annotation?, (simpleType | complexType)?, (unique | key | keyref)*)). A problem was found starting at: attribute.
2026-03-31 23:45:04,409 [INFO] PluginManage:359 - Loaded plugin pinoutconfig (category:base,tabindex:0)
2026-03-31 23:45:04,409 [INFO] PluginManage:310 - Check plugin power
2026-03-31 23:45:04,423 [INFO] PluginManage:359 - Loaded plugin power (category:power,tabindex:4)
2026-03-31 23:45:04,423 [INFO] PluginManage:310 - Check plugin projectmanager
2026-03-31 23:45:04,442 [INFO] PluginManage:359 - Loaded plugin projectmanager (category:projectmanager,tabindex:4)
2026-03-31 23:45:04,442 [INFO] PluginManage:310 - Check plugin rif
2026-03-31 23:45:04,453 [INFO] PluginManage:359 - Loaded plugin rif (category:base,tabindex:3)
2026-03-31 23:45:04,453 [INFO] PluginManage:310 - Check plugin thirdparty
2026-03-31 23:45:04,651 [WARN] IntegrityCheckThread:84 - waiting for thirdparty lock release [integrity check]
2026-03-31 23:45:04,651 [INFO] PluginManage:359 - Loaded plugin thirdparty (category:base,tabindex:-1)
2026-03-31 23:45:04,652 [INFO] IntegrityCheckThread:86 - entering critical section [integrity check]
2026-03-31 23:45:04,652 [INFO] PluginManage:310 - Check plugin tools
2026-03-31 23:45:04,653 [INFO] ThirdPartyUpdaterWithRetryManager:70 - Updater plugin not ready yet. [1/15]
2026-03-31 23:45:04,657 [INFO] PluginManage:359 - Loaded plugin tools (category:base,tabindex:7)
2026-03-31 23:45:04,658 [INFO] PluginManage:310 - Check plugin tutovideos
2026-03-31 23:45:04,915 [INFO] PluginManage:359 - Loaded plugin tutovideos (category:base,tabindex:-1)
2026-03-31 23:45:04,915 [INFO] PluginManage:310 - Check plugin updater
2026-03-31 23:45:04,944 [INFO] PluginManage:359 - Loaded plugin updater (category:base,tabindex:12)
2026-03-31 23:45:04,944 [INFO] PluginManage:310 - Check plugin userauth
2026-03-31 23:45:04,949 [INFO] UserAuth:118 - Init User Auth plugin
2026-03-31 23:45:04,950 [INFO] PluginManage:359 - Loaded plugin userauth (category:base,tabindex:14)
2026-03-31 23:45:04,952 [INFO] PluginManage:283 - PluginManage : Loaded plugins [18]
2026-03-31 23:45:05,317 [INFO] PinOutPanel:1589 - setPackage(No Configuration,No Configuration)
2026-03-31 23:45:05,455 [INFO] CADModel:165 - CPN selected for project level
2026-03-31 23:45:05,456 [INFO] CADModel:114 - Register for checkConnection events
2026-03-31 23:45:05,485 [INFO] IPUIPlugin:80 - create IPUIPlugin
2026-03-31 23:45:05,486 [INFO] PluginManager:220 - loadIPPluginJar : add adc
2026-03-31 23:45:05,490 [INFO] IPUIPlugin:80 - create IPUIPlugin
2026-03-31 23:45:05,491 [INFO] PluginManager:220 - loadIPPluginJar : add aes
2026-03-31 23:45:05,497 [INFO] IPUIPlugin:80 - create IPUIPlugin
2026-03-31 23:45:05,497 [INFO] PluginManager:220 - loadIPPluginJar : add can
2026-03-31 23:45:05,500 [INFO] IPUIPlugin:80 - create IPUIPlugin
2026-03-31 23:45:05,500 [INFO] PluginManager:220 - loadIPPluginJar : add comp
2026-03-31 23:45:05,504 [INFO] IPUIPlugin:80 - create IPUIPlugin
2026-03-31 23:45:05,504 [INFO] PluginManager:220 - loadIPPluginJar : add cryp
2026-03-31 23:45:05,509 [INFO] IPUIPlugin:80 - create IPUIPlugin
2026-03-31 23:45:05,509 [INFO] PluginManager:220 - loadIPPluginJar : add ddr_ctrl_phy
2026-03-31 23:45:05,512 [INFO] IPUIPlugin:80 - create IPUIPlugin
2026-03-31 23:45:05,512 [INFO] PluginManager:220 - loadIPPluginJar : add dfsdm
2026-03-31 23:45:05,520 [INFO] IPUIPlugin:80 - create IPUIPlugin
2026-03-31 23:45:05,521 [INFO] PluginManager:220 - loadIPPluginJar : add dma
2026-03-31 23:45:05,525 [INFO] IPUIPlugin:80 - create IPUIPlugin
2026-03-31 23:45:05,527 [INFO] PluginManager:220 - loadIPPluginJar : add dma3
2026-03-31 23:45:05,531 [INFO] IPUIPlugin:80 - create IPUIPlugin
2026-03-31 23:45:05,531 [INFO] PluginManager:220 - loadIPPluginJar : add extmemmanager
2026-03-31 23:45:05,533 [INFO] IPUIPlugin:80 - create IPUIPlugin
2026-03-31 23:45:05,533 [INFO] PluginManager:220 - loadIPPluginJar : add fatfs
2026-03-31 23:45:05,541 [INFO] IPUIPlugin:80 - create IPUIPlugin
2026-03-31 23:45:05,542 [INFO] PluginManager:220 - loadIPPluginJar : add fmc
2026-03-31 23:45:05,552 [INFO] IPUIPlugin:80 - create IPUIPlugin
2026-03-31 23:45:05,552 [INFO] PluginManager:220 - loadIPPluginJar : add freertos
2026-03-31 23:45:05,554 [INFO] IPUIPlugin:80 - create IPUIPlugin
2026-03-31 23:45:05,554 [INFO] PluginManager:220 - loadIPPluginJar : add genericplugin
2026-03-31 23:45:05,558 [INFO] IPUIPlugin:80 - create IPUIPlugin
2026-03-31 23:45:05,558 [INFO] PluginManager:220 - loadIPPluginJar : add gfxmmu
2026-03-31 23:45:05,563 [INFO] IPUIPlugin:80 - create IPUIPlugin
2026-03-31 23:45:05,563 [INFO] PluginManager:220 - loadIPPluginJar : add gic
2026-03-31 23:45:05,569 [INFO] IPUIPlugin:80 - create IPUIPlugin
2026-03-31 23:45:05,569 [INFO] PluginManager:220 - loadIPPluginJar : add gpio
2026-03-31 23:45:05,573 [INFO] IPUIPlugin:80 - create IPUIPlugin
2026-03-31 23:45:05,573 [INFO] PluginManager:220 - loadIPPluginJar : add gtzc
2026-03-31 23:45:05,578 [INFO] IPUIPlugin:80 - create IPUIPlugin
2026-03-31 23:45:05,578 [INFO] PluginManager:220 - loadIPPluginJar : add hash
2026-03-31 23:45:05,582 [INFO] IPUIPlugin:80 - create IPUIPlugin
2026-03-31 23:45:05,582 [INFO] PluginManager:220 - loadIPPluginJar : add i2c
2026-03-31 23:45:05,585 [INFO] IPUIPlugin:80 - create IPUIPlugin
2026-03-31 23:45:05,586 [INFO] PluginManager:220 - loadIPPluginJar : add i2s
2026-03-31 23:45:05,589 [INFO] IPUIPlugin:80 - create IPUIPlugin
2026-03-31 23:45:05,589 [INFO] PluginManager:220 - loadIPPluginJar : add i3c
2026-03-31 23:45:05,594 [INFO] IPUIPlugin:80 - create IPUIPlugin
2026-03-31 23:45:05,594 [INFO] PluginManager:220 - loadIPPluginJar : add ipddr
2026-03-31 23:45:05,603 [INFO] IPUIPlugin:80 - create IPUIPlugin
2026-03-31 23:45:05,604 [INFO] PluginManager:220 - loadIPPluginJar : add linkedlist
2026-03-31 23:45:05,608 [INFO] IPUIPlugin:80 - create IPUIPlugin
2026-03-31 23:45:05,608 [INFO] PluginManager:220 - loadIPPluginJar : add lorawan
2026-03-31 23:45:05,610 [INFO] IPUIPlugin:80 - create IPUIPlugin
2026-03-31 23:45:05,610 [INFO] PluginManager:220 - loadIPPluginJar : add ltdc
2026-03-31 23:45:05,619 [INFO] IPUIPlugin:80 - create IPUIPlugin
2026-03-31 23:45:05,619 [INFO] PluginManager:220 - loadIPPluginJar : add mdma
2026-03-31 23:45:05,625 [INFO] IPUIPlugin:80 - create IPUIPlugin
2026-03-31 23:45:05,625 [INFO] PluginManager:220 - loadIPPluginJar : add nvic
2026-03-31 23:45:05,630 [INFO] IPUIPlugin:80 - create IPUIPlugin
2026-03-31 23:45:05,630 [INFO] PluginManager:220 - loadIPPluginJar : add opamp
2026-03-31 23:45:05,636 [INFO] IPUIPlugin:80 - create IPUIPlugin
2026-03-31 23:45:05,636 [INFO] PluginManager:220 - loadIPPluginJar : add openamp
2026-03-31 23:45:05,642 [INFO] IPUIPlugin:80 - create IPUIPlugin
2026-03-31 23:45:05,642 [INFO] PluginManager:220 - loadIPPluginJar : add pdm2pcm
2026-03-31 23:45:05,653 [INFO] IPUIPlugin:80 - create IPUIPlugin
2026-03-31 23:45:05,655 [INFO] PluginManager:220 - loadIPPluginJar : add plateformsettings
2026-03-31 23:45:05,658 [INFO] IPUIPlugin:80 - create IPUIPlugin
2026-03-31 23:45:05,658 [INFO] PluginManager:220 - loadIPPluginJar : add quadspi
2026-03-31 23:45:05,662 [INFO] IPUIPlugin:80 - create IPUIPlugin
2026-03-31 23:45:05,663 [INFO] PluginManager:220 - loadIPPluginJar : add radio
2026-03-31 23:45:05,670 [INFO] IPUIPlugin:80 - create IPUIPlugin
2026-03-31 23:45:05,670 [INFO] PluginManager:220 - loadIPPluginJar : add resmgrutility
2026-03-31 23:45:05,676 [INFO] IPUIPlugin:80 - create IPUIPlugin
2026-03-31 23:45:05,677 [INFO] PluginManager:220 - loadIPPluginJar : add sai
2026-03-31 23:45:05,680 [INFO] IPUIPlugin:80 - create IPUIPlugin
2026-03-31 23:45:05,682 [INFO] PluginManager:220 - loadIPPluginJar : add spi
2026-03-31 23:45:05,691 [INFO] IPUIPlugin:80 - create IPUIPlugin
2026-03-31 23:45:05,692 [INFO] PluginManager:220 - loadIPPluginJar : add stm32_wpan
2026-03-31 23:45:05,694 [INFO] IPUIPlugin:80 - create IPUIPlugin
2026-03-31 23:45:05,694 [INFO] PluginManager:220 - loadIPPluginJar : add tim
2026-03-31 23:45:05,700 [INFO] IPUIPlugin:80 - create IPUIPlugin
2026-03-31 23:45:05,701 [INFO] PluginManager:220 - loadIPPluginJar : add touchsensing
2026-03-31 23:45:05,704 [INFO] IPUIPlugin:80 - create IPUIPlugin
2026-03-31 23:45:05,704 [INFO] PluginManager:220 - loadIPPluginJar : add tracer_emb
2026-03-31 23:45:05,707 [INFO] IPUIPlugin:80 - create IPUIPlugin
2026-03-31 23:45:05,708 [INFO] PluginManager:220 - loadIPPluginJar : add ts
2026-03-31 23:45:05,710 [INFO] IPUIPlugin:80 - create IPUIPlugin
2026-03-31 23:45:05,710 [INFO] PluginManager:220 - loadIPPluginJar : add tsc
2026-03-31 23:45:05,715 [INFO] IPUIPlugin:80 - create IPUIPlugin
2026-03-31 23:45:05,715 [INFO] PluginManager:220 - loadIPPluginJar : add ucpd
2026-03-31 23:45:05,720 [INFO] IPUIPlugin:80 - create IPUIPlugin
2026-03-31 23:45:05,720 [INFO] PluginManager:220 - loadIPPluginJar : add usart
2026-03-31 23:45:05,723 [INFO] IPUIPlugin:80 - create IPUIPlugin
2026-03-31 23:45:05,723 [INFO] PluginManager:220 - loadIPPluginJar : add usbx
2026-03-31 23:45:05,900 [FATAL] Updater:351 - Updater called before beeing initialized
2026-03-31 23:45:05,934 [INFO] RulesReader:64 - Compatibility file has been processed (317 Rules)
2026-03-31 23:45:05,948 [INFO] RulesReader:64 - Compatibility file has been processed (317 Rules)
2026-03-31 23:45:05,963 [INFO] CADModel:165 - CPN selected for project level
2026-03-31 23:45:05,964 [INFO] CADModel:114 - Register for checkConnection events
2026-03-31 23:45:05,964 [FATAL] Updater:351 - Updater called before beeing initialized
2026-03-31 23:45:05,964 [ERROR] CADModel:125 - Updater not yet initialized, retry later 
2026-03-31 23:45:06,203 [FATAL] Updater:351 - Updater called before beeing initialized
2026-03-31 23:45:06,206 [INFO] CADModel:165 - CPN selected for project level
2026-03-31 23:45:06,206 [INFO] CADModel:114 - Register for checkConnection events
2026-03-31 23:45:06,206 [FATAL] Updater:351 - Updater called before beeing initialized
2026-03-31 23:45:06,206 [ERROR] CADModel:125 - Updater not yet initialized, retry later 
2026-03-31 23:45:06,210 [FATAL] Updater:351 - Updater called before beeing initialized
2026-03-31 23:45:06,384 [FATAL] Updater:351 - Updater called before beeing initialized
2026-03-31 23:45:06,389 [INFO] DbMcusAds:53 - JSON generation date=Thu Mar 05 21:32:52 ICT 2026 (1772721172610)
2026-03-31 23:45:06,389 [FATAL] Updater:351 - Updater called before beeing initialized
2026-03-31 23:45:06,435 [WARN] DetailPanel:346 - Failed to get advertising image, set to default
2026-03-31 23:45:06,531 [FATAL] Updater:351 - Updater called before beeing initialized
2026-03-31 23:45:06,533 [FATAL] Updater:351 - Updater called before beeing initialized
2026-03-31 23:45:06,533 [FATAL] Updater:351 - Updater called before beeing initialized
2026-03-31 23:45:06,533 [WARN] DetailPanel:346 - Failed to get advertising image, set to default
2026-03-31 23:45:06,534 [FATAL] Updater:351 - Updater called before beeing initialized
2026-03-31 23:45:06,594 [ERROR] Updater:1198 - MainUpdater not yet initialized. External WinMGr cannot be set.
2026-03-31 23:45:06,597 [INFO] Updater:1134 - Updater Version found : 6.15.0
2026-03-31 23:45:06,616 [INFO] ApplicationProperties:184 - Using Application install path: D:\STM32CubeIDE_1.19.0\STM32CubeIDE\plugins\com.st.stm32cube.common.mx_6.15.0.202507011659
2026-03-31 23:45:07,103 [INFO] MainUpdater:2872 - connection check result : 10
2026-03-31 23:45:07,105 [INFO] MainUpdater:289 - Updater Check For Update Now.
2026-03-31 23:45:07,105 [INFO] MicroXplorer:498 - Change Database Version : DB.6.0.150
2026-03-31 23:45:07,115 [INFO] McuFinderGlobals:63 - Set McuFinder mode to 2 (CubeIDE integrated)
2026-03-31 23:45:07,116 [INFO] UserAuth:171 - activating auth plugin
2026-03-31 23:45:07,123 [INFO] UserAuth:487 - Internet connection configuration mode: 1
2026-03-31 23:45:07,172 [INFO] JxBrowserEngine:152 - Initiate JxBrowser Engine with user profile folder
2026-03-31 23:45:07,335 [INFO] CheckServerUpdateThread:120 - End of CheckServer Thread
2026-03-31 23:45:08,724 [WARN] PackLoader:240 - Cannot read IP mode file for STMicroelectronics.X-CUBE-AZRTOS-H7.3.5.0
2026-03-31 23:45:08,751 [WARN] PackLoader:240 - Cannot read IP mode file for STMicroelectronics.FP-ATR-ASTRA1.2.0.2
2026-03-31 23:45:08,772 [WARN] PackLoader:240 - Cannot read IP mode file for STMicroelectronics.X-CUBE-SMBUS.2.1.0
2026-03-31 23:45:08,803 [WARN] PackLoader:240 - Cannot read IP mode file for STMicroelectronics.X-CUBE-AZRTOS-F7.1.1.0
2026-03-31 23:45:08,818 [WARN] PackLoader:240 - Cannot read IP mode file for STMicroelectronics.FP-SNS-MOTENV1.5.1.0
2026-03-31 23:45:08,836 [WARN] PackLoader:240 - Cannot read IP mode file for WES.I-CUBE-Cesium.1.4.0
2026-03-31 23:45:08,849 [WARN] PackLoader:240 - Cannot read IP mode file for STMicroelectronics.X-CUBE-DISPLAY.3.0.0
2026-03-31 23:45:08,863 [WARN] PackLoader:240 - Cannot read IP mode file for STMicroelectronics.FP-SNS-MOTENVWB1.1.5.0
2026-03-31 23:45:08,876 [WARN] PackLoader:240 - Cannot read IP mode file for STMicroelectronics.X-CUBE-NFC10.1.0.0
2026-03-31 23:45:08,889 [WARN] PackLoader:240 - Cannot read IP mode file for STMicroelectronics.X-CUBE-ST60.1.1.0
2026-03-31 23:45:08,902 [WARN] PackLoader:240 - Cannot read IP mode file for emotas.I-CUBE-CANOPEN.1.3.0
2026-03-31 23:45:08,913 [WARN] PackLoader:240 - Cannot read IP mode file for STMicroelectronics.X-CUBE-GNSS1.7.1.0
2026-03-31 23:45:08,928 [WARN] PackLoader:240 - Cannot read IP mode file for STMicroelectronics.FP-SNS-STBOX1.2.1.0
2026-03-31 23:45:08,941 [WARN] PackLoader:240 - Cannot read IP mode file for STMicroelectronics.FP-SNS-SMARTAG2.1.2.0
2026-03-31 23:45:08,950 [WARN] PackLoader:240 - Cannot read IP mode file for STMicroelectronics.FP-SNS-FLIGHT1.5.1.0
2026-03-31 23:45:08,965 [INFO] LogOutputStream:77 - [STDOUT_REDIRECT] 1 : Invalid condition id : UX_CORESTACK_Condition cause : null
2026-03-31 23:45:08,966 [INFO] LogOutputStream:77 - [STDOUT_REDIRECT] 1 : Invalid condition id : UX_CORESTACK_Condition cause : null
2026-03-31 23:45:08,968 [INFO] LogOutputStream:77 - [STDOUT_REDIRECT] 1 : Invalid condition id : UX_CORESTACK_Condition cause : null
2026-03-31 23:45:08,969 [INFO] LogOutputStream:77 - [STDOUT_REDIRECT] 1 : Invalid condition id : UX_CORESTACK_Condition cause : null
2026-03-31 23:45:08,971 [INFO] LogOutputStream:77 - [STDOUT_REDIRECT] 1 : Invalid condition id : UX_CORESTACK_Condition cause : null
2026-03-31 23:45:08,975 [INFO] WebApp:169 - Instantiating new browser for Auth
2026-03-31 23:45:08,975 [WARN] PackLoader:240 - Cannot read IP mode file for STMicroelectronics.X-CUBE-AZRTOS-WL.2.0.0
2026-03-31 23:45:09,061 [WARN] PackLoader:240 - Cannot read IP mode file for STMicroelectronics.X-CUBE-AZRTOS-H7RS.1.2.0
2026-03-31 23:45:09,080 [WARN] PackLoader:240 - Cannot read IP mode file for STMicroelectronics.X-CUBE-BLE2.3.3.0
2026-03-31 23:45:09,143 [WARN] PackLoader:240 - Cannot read IP mode file for Infineon.AIROC-Wi-Fi-Bluetooth-STM32.1.8.0
2026-03-31 23:45:09,162 [WARN] PackLoader:240 - Cannot read IP mode file for STMicroelectronics.X-CUBE-NFC9.1.0.0
2026-03-31 23:45:09,179 [WARN] PackLoader:240 - Cannot read IP mode file for STMicroelectronics.X-CUBE-BLE1.7.1.0
2026-03-31 23:45:09,196 [WARN] PackLoader:240 - Cannot read IP mode file for wolfSSL.I-CUBE-wolfMQTT.1.19.2
2026-03-31 23:45:09,208 [WARN] PackLoader:240 - Cannot read IP mode file for STMicroelectronics.X-CUBE-EEPRMA1.5.2.0
2026-03-31 23:45:09,220 [WARN] PackLoader:240 - Cannot read IP mode file for wolfSSL.I-CUBE-wolfSSL.5.8.4
2026-03-31 23:45:09,229 [WARN] PackLoader:240 - Cannot read IP mode file for Cesanta.I-CUBE-Mongoose.7.20.0
2026-03-31 23:45:09,294 [WARN] PackLoader:240 - Cannot read IP mode file for STMicroelectronics.X-CUBE-MEMS1.12.0.0
2026-03-31 23:45:09,454 [WARN] PackLoader:240 - Cannot read IP mode file for STMicroelectronics.X-CUBE-AZRTOS-G0.1.1.0
2026-03-31 23:45:09,466 [WARN] PackLoader:240 - Cannot read IP mode file for STMicroelectronics.X-CUBE-NFC4.3.0.0
2026-03-31 23:45:09,478 [WARN] PackLoader:240 - Cannot read IP mode file for EmbeddedOffice.I-CUBE-FS-RTOS.1.0.1
2026-03-31 23:45:09,490 [WARN] PackLoader:240 - Cannot read IP mode file for STMicroelectronics.X-CUBE-WB05N.2.0.0
2026-03-31 23:45:09,499 [WARN] PackLoader:240 - Cannot read IP mode file for wolfSSL.I-CUBE-wolfTPM.3.8.0
2026-03-31 23:45:09,508 [WARN] PackLoader:240 - Cannot read IP mode file for STMicroelectronics.X-CUBE-TCPP.4.2.0
2026-03-31 23:45:09,520 [WARN] PackLoader:240 - Cannot read IP mode file for RealThread.X-CUBE-RT-Thread_Nano.4.1.1
2026-03-31 23:45:09,528 [WARN] PackLoader:240 - Cannot read IP mode file for STMicroelectronics.FP-ATR-SIGFOX1.3.2.0
2026-03-31 23:45:09,539 [WARN] PackLoader:240 - Cannot read IP mode file for STMicroelectronics.X-CUBE-FREERTOS.1.5.0
2026-03-31 23:45:09,551 [WARN] PackLoader:240 - Cannot read IP mode file for ITTIA_DB.I-CUBE-ITTIADB.8.9.0
2026-03-31 23:45:09,564 [WARN] PackLoader:240 - Cannot read IP mode file for STMicroelectronics.X-CUBE-NFC6.3.2.0
2026-03-31 23:45:09,575 [WARN] PackLoader:240 - Cannot read IP mode file for STMicroelectronics.X-CUBE-AI.10.2.0
2026-03-31 23:45:09,608 [WARN] PackLoader:240 - Cannot read IP mode file for SEGGER.I-CUBE-embOS.1.3.1
2026-03-31 23:45:09,656 [WARN] PackLoader:240 - Cannot read IP mode file for STMicroelectronics.X-CUBE-ALGOBUILD.1.4.0
2026-03-31 23:45:09,666 [WARN] PackLoader:240 - Cannot read IP mode file for STMicroelectronics.X-CUBE-PM33A1.1.0.0
2026-03-31 23:45:09,700 [WARN] PackLoader:240 - Cannot read IP mode file for STMicroelectronics.X-CUBE-AZRTOS-F4.1.1.0
2026-03-31 23:45:09,715 [WARN] PackLoader:240 - Cannot read IP mode file for STMicroelectronics.X-CUBE-ISPU.2.1.0
2026-03-31 23:45:09,736 [WARN] PackLoader:240 - Cannot read IP mode file for STMicroelectronics.X-CUBE-IPS.3.2.0
2026-03-31 23:45:09,782 [WARN] PackLoader:240 - Cannot read IP mode file for STMicroelectronics.X-CUBE-NFC12.1.0.0
2026-03-31 23:45:09,807 [WARN] PackLoader:240 - Cannot read IP mode file for STMicroelectronics.X-CUBE-AZRTOS-L5.2.0.0
2026-03-31 23:45:09,824 [WARN] PackLoader:240 - Cannot read IP mode file for STMicroelectronics.X-CUBE-TOUCHGFX.4.26.1
2026-03-31 23:45:09,833 [WARN] PackLoader:240 - Cannot read IP mode file for STMicroelectronics.FP-SNS-STAIOTCFT.1.0.0
2026-03-31 23:45:09,841 [WARN] PackLoader:240 - Cannot read IP mode file for STMicroelectronics.X-CUBE-DPower.1.3.0
2026-03-31 23:45:09,864 [WARN] ConditionMgr:438 - getConditionDescription Invalid condition id : LAN8742 Phy interface Condition cause : null
2026-03-31 23:45:09,866 [WARN] PackLoader:240 - Cannot read IP mode file for STMicroelectronics.X-CUBE-AZRTOS-L4.2.0.0
2026-03-31 23:45:09,868 [WARN] ConditionMgr:1044 - genDependencies : Invalid condition id : LAN8742 Phy interface Condition cause : null
2026-03-31 23:45:09,869 [WARN] ConditionMgr:1044 - genDependencies : Invalid condition id : LAN8742 Phy interface Condition cause : null
2026-03-31 23:45:09,871 [WARN] ConditionMgr:1044 - genDependencies : Invalid condition id : LAN8742 Phy interface Condition cause : null
2026-03-31 23:45:09,890 [WARN] PackLoader:240 - Cannot read IP mode file for STMicroelectronics.X-CUBE-SFXS2LP1.4.0.0
2026-03-31 23:45:09,907 [WARN] PackLoader:240 - Cannot read IP mode file for STMicroelectronics.X-CUBE-ST67W61.1.2.0
2026-03-31 23:45:09,926 [WARN] PackLoader:240 - Cannot read IP mode file for STMicroelectronics.X-CUBE-BLEMGR.4.1.0
2026-03-31 23:45:09,944 [WARN] ConditionMgr:438 - getConditionDescription Invalid condition id : UX DEVICE CLASS RTOS Condition cause : null
2026-03-31 23:45:09,944 [WARN] ConditionMgr:438 - getConditionDescription Invalid condition id : UX DEVICE CLASS RTOS Condition cause : null
2026-03-31 23:45:09,946 [WARN] PackLoader:240 - Cannot read IP mode file for STMicroelectronics.X-CUBE-AZRTOS-WB.2.0.0
2026-03-31 23:45:09,946 [WARN] ConditionMgr:1044 - genDependencies : Invalid condition id : UX DEVICE CLASS RTOS Condition cause : null
2026-03-31 23:45:09,948 [WARN] ConditionMgr:1044 - genDependencies : Invalid condition id : UX DEVICE CLASS RTOS Condition cause : null
2026-03-31 23:45:09,948 [WARN] ConditionMgr:1044 - genDependencies : Invalid condition id : UX DEVICE CLASS RTOS Condition cause : null
2026-03-31 23:45:09,948 [WARN] ConditionMgr:1044 - genDependencies : Invalid condition id : UX DEVICE CLASS RTOS Condition cause : null
2026-03-31 23:45:09,948 [WARN] ConditionMgr:1044 - genDependencies : Invalid condition id : UX DEVICE CLASS RTOS Condition cause : null
2026-03-31 23:45:09,957 [WARN] ConditionMgr:438 - getConditionDescription Invalid condition id : Cortex-A Device cause : null
2026-03-31 23:45:09,971 [WARN] ConditionMgr:1044 - genDependencies : Invalid condition id : Cortex-A Device cause : null
2026-03-31 23:45:09,971 [WARN] ConditionMgr:1044 - genDependencies : Invalid condition id : Cortex-A Device cause : null
2026-03-31 23:45:09,971 [WARN] ConditionMgr:1044 - genDependencies : Invalid condition id : Cortex-A Device cause : null
2026-03-31 23:45:09,983 [WARN] PackLoader:240 - Cannot read IP mode file for STMicroelectronics.X-CUBE-STSE01.2.0.0
2026-03-31 23:45:10,004 [WARN] PackLoader:240 - Cannot read IP mode file for STMicroelectronics.X-CUBE-SUBG2.5.0.0
2026-03-31 23:45:10,032 [WARN] PackLoader:240 - Cannot read IP mode file for STMicroelectronics.X-CUBE-AZRTOS-G4.2.0.0
2026-03-31 23:45:10,041 [WARN] PackLoader:240 - Cannot read IP mode file for wolfSSL.I-CUBE-wolfSSH.1.4.20
2026-03-31 23:45:10,049 [WARN] PackLoader:240 - Cannot read IP mode file for STMicroelectronics.X-CUBE-NFC7.2.0.0
2026-03-31 23:45:10,058 [WARN] PackLoader:240 - Cannot read IP mode file for STMicroelectronics.X-CUBE-ALS.1.0.2
2026-03-31 23:45:10,073 [WARN] PackLoader:240 - Cannot read IP mode file for STMicroelectronics.X-CUBE-TOF1.3.4.3
2026-03-31 23:45:10,082 [INFO] ThirdParty:978 - Integrity check success = true
2026-03-31 23:45:10,082 [INFO] IntegrityCheckThread:100 - exiting critical section [integrity check]
2026-03-31 23:45:10,082 [INFO] IntegrityCheckThread:103 - End integrity checks thread
2026-03-31 23:45:10,594 [INFO] WebApp:463 - Apply proxy settings
2026-03-31 23:45:10,595 [INFO] WebApp:548 - Chromium requires no authentication
2026-03-31 23:45:10,612 [INFO] WebApp:491 - Direct internet connection detected
2026-03-31 23:45:10,648 [INFO] WebApp:900 - Register for checkConnection events
2026-03-31 23:45:10,648 [INFO] WebApp:463 - Apply proxy settings
2026-03-31 23:45:10,648 [INFO] WebApp:548 - Chromium requires no authentication
2026-03-31 23:45:10,649 [INFO] WebApp:491 - Direct internet connection detected
2026-03-31 23:45:10,916 [INFO] WebApp:225 - Starting web application
2026-03-31 23:45:10,916 [INFO] WebApp:593 - Web application path used D:\STM32CubeIDE_1.19.0\STM32CubeIDE\plugins\com.st.stm32cube.common.mx_6.15.0.202507011659\db\plugins\mcufinder\reactClient1\index.html
2026-03-31 23:45:11,147 [INFO] WebApp:191 - Connection restablished
2026-03-31 23:47:06,375 [ERROR] LogOutputStream:75 - [STDERR_REDIRECT] 
